[2026-06-29T22:42:00.864+0000] {local_task_job_runner.py:123} INFO - ::group::Pre task execution logs
[2026-06-29T22:42:01.104+0000] {taskinstance.py:2614} INFO - Dependencies all met for dep_context=non-requeueable deps ti=<TaskInstance: pipeline_beam_airflow.job2_transform_gold manual__2026-06-29T22:41:43.705999+00:00 [queued]>
[2026-06-29T22:42:01.123+0000] {taskinstance.py:2614} INFO - Dependencies all met for dep_context=requeueable deps ti=<TaskInstance: pipeline_beam_airflow.job2_transform_gold manual__2026-06-29T22:41:43.705999+00:00 [queued]>
[2026-06-29T22:42:01.126+0000] {taskinstance.py:2867} INFO - Starting attempt 1 of 4
[2026-06-29T22:42:01.153+0000] {taskinstance.py:2890} INFO - Executing <Task(BashOperator): job2_transform_gold> on 2026-06-29 22:41:43.705999+00:00
[2026-06-29T22:42:01.171+0000] {warnings.py:112} WARNING - /home/***/.local/lib/python3.12/site-packages/***/task/task_runner/standard_task_runner.py:70: DeprecationWarning: This process (pid=115) is multi-threaded, use of fork() may lead to deadlocks in the child.
  pid = os.fork()

[2026-06-29T22:42:01.173+0000] {standard_task_runner.py:104} INFO - Running: ['***', 'tasks', 'run', 'pipeline_beam_***', 'job2_transform_gold', 'manual__2026-06-29T22:41:43.705999+00:00', '--job-id', '12', '--raw', '--subdir', 'DAGS_FOLDER/dag_orden_ventas_latam.py', '--cfg-path', '/tmp/tmpxmuummhz']
[2026-06-29T22:42:01.174+0000] {standard_task_runner.py:72} INFO - Started process 117 to run task
[2026-06-29T22:42:01.175+0000] {standard_task_runner.py:105} INFO - Job 12: Subtask job2_transform_gold
[2026-06-29T22:42:01.315+0000] {task_command.py:467} INFO - Running <TaskInstance: pipeline_beam_airflow.job2_transform_gold manual__2026-06-29T22:41:43.705999+00:00 [running]> on host bad38954e7d4
[2026-06-29T22:42:01.553+0000] {taskinstance.py:3134} INFO - Exporting env vars: AIRFLOW_CTX_DAG_OWNER='valeria' AIRFLOW_CTX_DAG_ID='pipeline_beam_***' AIRFLOW_CTX_TASK_ID='job2_transform_gold' AIRFLOW_CTX_EXECUTION_DATE='2026-06-29T22:41:43.705999+00:00' AIRFLOW_CTX_TRY_NUMBER='1' AIRFLOW_CTX_DAG_RUN_ID='manual__2026-06-29T22:41:43.705999+00:00'
[2026-06-29T22:42:01.562+0000] {logging_mixin.py:190} INFO - Task instance is in running state
[2026-06-29T22:42:01.563+0000] {logging_mixin.py:190} INFO -  Previous state of the Task instance: queued
[2026-06-29T22:42:01.566+0000] {logging_mixin.py:190} INFO - Current task name:job2_transform_gold state:running start_date:2026-06-29 22:42:01.105509+00:00
[2026-06-29T22:42:01.567+0000] {logging_mixin.py:190} INFO - Dag name:pipeline_beam_*** and current dag run status:running
[2026-06-29T22:42:01.570+0000] {taskinstance.py:732} INFO - ::endgroup::
[2026-06-29T22:42:01.573+0000] {subprocess.py:78} INFO - Tmp dir root location: /tmp
[2026-06-29T22:42:01.575+0000] {subprocess.py:88} INFO - Running command: ['/usr/bin/bash', '-c', '\npython beam_jobs/job2_transform_gold.py --proc_date 2026-06-29']
[2026-06-29T22:42:01.609+0000] {subprocess.py:99} INFO - Output:
[2026-06-29T22:42:09.259+0000] {subprocess.py:110} INFO - Command exited with return code 0
[2026-06-29T22:42:09.299+0000] {taskinstance.py:341} INFO - ::group::Post task execution logs
[2026-06-29T22:42:09.301+0000] {taskinstance.py:353} INFO - Marking task as SUCCESS. dag_id=pipeline_beam_***, task_id=job2_transform_gold, run_id=manual__2026-06-29T22:41:43.705999+00:00, execution_date=20260629T224143, start_date=20260629T224201, end_date=20260629T224209
[2026-06-29T22:42:09.331+0000] {logging_mixin.py:190} INFO - Task instance in success state
[2026-06-29T22:42:09.332+0000] {logging_mixin.py:190} INFO -  Previous state of the Task instance: running
[2026-06-29T22:42:09.333+0000] {logging_mixin.py:190} INFO - Dag name:pipeline_beam_*** queued_at:2026-06-29 22:41:43.753100+00:00
[2026-06-29T22:42:09.334+0000] {logging_mixin.py:190} INFO - Task hostname:bad38954e7d4 operator:BashOperator
[2026-06-29T22:42:09.364+0000] {local_task_job_runner.py:266} INFO - Task exited with return code 0
[2026-06-29T22:42:09.385+0000] {taskinstance.py:3901} INFO - 0 downstream tasks scheduled from follow-on schedule check
[2026-06-29T22:42:09.387+0000] {local_task_job_runner.py:245} INFO - ::endgroup::
