[2026-06-29T22:10:56.376+0000] {local_task_job_runner.py:123} INFO - ::group::Pre task execution logs
[2026-06-29T22:10:56.397+0000] {taskinstance.py:2614} INFO - Dependencies all met for dep_context=non-requeueable deps ti=<TaskInstance: pipeline_beam_airflow.job1_ingest_to_psa scheduled__2026-06-28T00:00:00+00:00 [queued]>
[2026-06-29T22:10:56.408+0000] {taskinstance.py:2614} INFO - Dependencies all met for dep_context=requeueable deps ti=<TaskInstance: pipeline_beam_airflow.job1_ingest_to_psa scheduled__2026-06-28T00:00:00+00:00 [queued]>
[2026-06-29T22:10:56.410+0000] {taskinstance.py:2867} INFO - Starting attempt 1 of 4
[2026-06-29T22:10:56.433+0000] {taskinstance.py:2890} INFO - Executing <Task(BashOperator): job1_ingest_to_psa> on 2026-06-28 00:00:00+00:00
[2026-06-29T22:10:56.447+0000] {warnings.py:112} WARNING - /home/***/.local/lib/python3.12/site-packages/***/task/task_runner/standard_task_runner.py:70: DeprecationWarning: This process (pid=105) is multi-threaded, use of fork() may lead to deadlocks in the child.
  pid = os.fork()

[2026-06-29T22:10:56.450+0000] {standard_task_runner.py:104} INFO - Running: ['***', 'tasks', 'run', 'pipeline_beam_***', 'job1_ingest_to_psa', 'scheduled__2026-06-28T00:00:00+00:00', '--job-id', '7', '--raw', '--subdir', 'DAGS_FOLDER/dag_orden_ventas_latam.py', '--cfg-path', '/tmp/tmp_c3l91mv']
[2026-06-29T22:10:56.451+0000] {standard_task_runner.py:72} INFO - Started process 107 to run task
[2026-06-29T22:10:56.454+0000] {standard_task_runner.py:105} INFO - Job 7: Subtask job1_ingest_to_psa
[2026-06-29T22:10:57.007+0000] {task_command.py:467} INFO - Running <TaskInstance: pipeline_beam_airflow.job1_ingest_to_psa scheduled__2026-06-28T00:00:00+00:00 [running]> on host bad38954e7d4
[2026-06-29T22:10:57.252+0000] {taskinstance.py:3134} INFO - Exporting env vars: AIRFLOW_CTX_DAG_OWNER='valeria' AIRFLOW_CTX_DAG_ID='pipeline_beam_***' AIRFLOW_CTX_TASK_ID='job1_ingest_to_psa' AIRFLOW_CTX_EXECUTION_DATE='2026-06-28T00:00:00+00:00' AIRFLOW_CTX_TRY_NUMBER='1' AIRFLOW_CTX_DAG_RUN_ID='scheduled__2026-06-28T00:00:00+00:00'
[2026-06-29T22:10:57.262+0000] {logging_mixin.py:190} INFO - Task instance is in running state
[2026-06-29T22:10:57.263+0000] {logging_mixin.py:190} INFO -  Previous state of the Task instance: queued
[2026-06-29T22:10:57.266+0000] {logging_mixin.py:190} INFO - Current task name:job1_ingest_to_psa state:running start_date:2026-06-29 22:10:56.398526+00:00
[2026-06-29T22:10:57.268+0000] {logging_mixin.py:190} INFO - Dag name:pipeline_beam_*** and current dag run status:running
[2026-06-29T22:10:57.276+0000] {taskinstance.py:732} INFO - ::endgroup::
[2026-06-29T22:10:57.284+0000] {subprocess.py:78} INFO - Tmp dir root location: /tmp
[2026-06-29T22:10:57.289+0000] {subprocess.py:88} INFO - Running command: ['/usr/bin/bash', '-c', '\npython beam_jobs/job1_ingest_to_psa.py --proc_date 2026-06-28']
[2026-06-29T22:10:57.315+0000] {subprocess.py:99} INFO - Output:
[2026-06-29T22:10:57.557+0000] {subprocess.py:106} INFO - Traceback (most recent call last):
[2026-06-29T22:10:57.563+0000] {subprocess.py:106} INFO -   File "/opt/***/beam_jobs/job1_ingest_to_psa.py", line 1, in <module>
[2026-06-29T22:10:57.585+0000] {subprocess.py:106} INFO -     import apache_beam as beam
[2026-06-29T22:10:57.600+0000] {subprocess.py:106} INFO - ModuleNotFoundError: No module named 'apache_beam'
[2026-06-29T22:10:57.607+0000] {subprocess.py:110} INFO - Command exited with return code 1
[2026-06-29T22:10:57.679+0000] {taskinstance.py:3313} ERROR - Task failed with exception
Traceback (most recent call last):
  File "/home/airflow/.local/lib/python3.12/site-packages/airflow/models/taskinstance.py", line 768, in _execute_task
    result = _execute_callable(context=context, **execute_callable_kwargs)
             ^^^^^^^^^^^^^^^^^^^^^^^^^^^^^^^^^^^^^^^^^^^^^^^^^^^^^^^^^^^^^
  File "/home/airflow/.local/lib/python3.12/site-packages/airflow/models/taskinstance.py", line 734, in _execute_callable
    return ExecutionCallableRunner(
           ^^^^^^^^^^^^^^^^^^^^^^^^
  File "/home/airflow/.local/lib/python3.12/site-packages/airflow/utils/operator_helpers.py", line 252, in run
    return self.func(*args, **kwargs)
           ^^^^^^^^^^^^^^^^^^^^^^^^^^
  File "/home/airflow/.local/lib/python3.12/site-packages/airflow/models/baseoperator.py", line 424, in wrapper
    return func(self, *args, **kwargs)
           ^^^^^^^^^^^^^^^^^^^^^^^^^^^
  File "/home/airflow/.local/lib/python3.12/site-packages/airflow/operators/bash.py", line 276, in execute
    raise AirflowException(
airflow.exceptions.AirflowException: Bash command failed. The command returned a non-zero exit code 1.
[2026-06-29T22:10:57.732+0000] {logging_mixin.py:190} INFO - Task instance in failure state
[2026-06-29T22:10:57.764+0000] {logging_mixin.py:190} INFO - Task start:2026-06-29 22:10:56.398526+00:00 end:2026-06-29 22:10:57.731769+00:00 duration:1.333243
[2026-06-29T22:10:57.767+0000] {logging_mixin.py:190} INFO - Task:<Task(BashOperator): job1_ingest_to_psa> dag:<DAG: pipeline_beam_***> dagrun:<DagRun pipeline_beam_*** @ 2026-06-28 00:00:00+00:00: scheduled__2026-06-28T00:00:00+00:00, state:running, queued_at: 2026-06-29 22:10:47.139879+00:00. externally triggered: False>
[2026-06-29T22:10:57.775+0000] {logging_mixin.py:190} INFO - Failure caused by Bash command failed. The command returned a non-zero exit code 1.
[2026-06-29T22:10:57.779+0000] {taskinstance.py:1226} INFO - Marking task as UP_FOR_RETRY. dag_id=pipeline_beam_***, task_id=job1_ingest_to_psa, run_id=scheduled__2026-06-28T00:00:00+00:00, execution_date=20260628T000000, start_date=20260629T221056, end_date=20260629T221057
[2026-06-29T22:10:57.903+0000] {taskinstance.py:341} INFO - ::group::Post task execution logs
[2026-06-29T22:10:57.910+0000] {standard_task_runner.py:124} ERROR - Failed to execute job 7 for task job1_ingest_to_psa (Bash command failed. The command returned a non-zero exit code 1.; 107)
Traceback (most recent call last):
  File "/home/airflow/.local/lib/python3.12/site-packages/airflow/task/task_runner/standard_task_runner.py", line 117, in _start_by_fork
    ret = args.func(args, dag=self.dag)
          ^^^^^^^^^^^^^^^^^^^^^^^^^^^^^
  File "/home/airflow/.local/lib/python3.12/site-packages/airflow/cli/cli_config.py", line 49, in command
    return func(*args, **kwargs)
           ^^^^^^^^^^^^^^^^^^^^^
  File "/home/airflow/.local/lib/python3.12/site-packages/airflow/utils/cli.py", line 116, in wrapper
    return f(*args, **kwargs)
           ^^^^^^^^^^^^^^^^^^
  File "/home/airflow/.local/lib/python3.12/site-packages/airflow/cli/commands/task_command.py", line 483, in task_run
    task_return_code = _run_task_by_selected_method(args, _dag, ti)
                       ^^^^^^^^^^^^^^^^^^^^^^^^^^^^^^^^^^^^^^^^^^^^
  File "/home/airflow/.local/lib/python3.12/site-packages/airflow/cli/commands/task_command.py", line 256, in _run_task_by_selected_method
    return _run_raw_task(args, ti)
           ^^^^^^^^^^^^^^^^^^^^^^^
  File "/home/airflow/.local/lib/python3.12/site-packages/airflow/cli/commands/task_command.py", line 341, in _run_raw_task
    return ti._run_raw_task(
           ^^^^^^^^^^^^^^^^^
  File "/home/airflow/.local/lib/python3.12/site-packages/airflow/utils/session.py", line 97, in wrapper
    return func(*args, session=session, **kwargs)
           ^^^^^^^^^^^^^^^^^^^^^^^^^^^^^^^^^^^^^^
  File "/home/airflow/.local/lib/python3.12/site-packages/airflow/models/taskinstance.py", line 3006, in _run_raw_task
    return _run_raw_task(
           ^^^^^^^^^^^^^^
  File "/home/airflow/.local/lib/python3.12/site-packages/airflow/models/taskinstance.py", line 274, in _run_raw_task
    TaskInstance._execute_task_with_callbacks(
  File "/home/airflow/.local/lib/python3.12/site-packages/airflow/models/taskinstance.py", line 3161, in _execute_task_with_callbacks
    result = self._execute_task(context, task_orig)
             ^^^^^^^^^^^^^^^^^^^^^^^^^^^^^^^^^^^^^^
  File "/home/airflow/.local/lib/python3.12/site-packages/airflow/models/taskinstance.py", line 3185, in _execute_task
    return _execute_task(self, context, task_orig)
           ^^^^^^^^^^^^^^^^^^^^^^^^^^^^^^^^^^^^^^^
  File "/home/airflow/.local/lib/python3.12/site-packages/airflow/models/taskinstance.py", line 768, in _execute_task
    result = _execute_callable(context=context, **execute_callable_kwargs)
             ^^^^^^^^^^^^^^^^^^^^^^^^^^^^^^^^^^^^^^^^^^^^^^^^^^^^^^^^^^^^^
  File "/home/airflow/.local/lib/python3.12/site-packages/airflow/models/taskinstance.py", line 734, in _execute_callable
    return ExecutionCallableRunner(
           ^^^^^^^^^^^^^^^^^^^^^^^^
  File "/home/airflow/.local/lib/python3.12/site-packages/airflow/utils/operator_helpers.py", line 252, in run
    return self.func(*args, **kwargs)
           ^^^^^^^^^^^^^^^^^^^^^^^^^^
  File "/home/airflow/.local/lib/python3.12/site-packages/airflow/models/baseoperator.py", line 424, in wrapper
    return func(self, *args, **kwargs)
           ^^^^^^^^^^^^^^^^^^^^^^^^^^^
  File "/home/airflow/.local/lib/python3.12/site-packages/airflow/operators/bash.py", line 276, in execute
    raise AirflowException(
airflow.exceptions.AirflowException: Bash command failed. The command returned a non-zero exit code 1.
[2026-06-29T22:10:57.977+0000] {local_task_job_runner.py:266} INFO - Task exited with return code 1
[2026-06-29T22:10:58.044+0000] {local_task_job_runner.py:245} INFO - ::endgroup::
