[2026-06-29T22:03:59.382+0000] {processor.py:186} INFO - Started process (PID=668) to work on /opt/airflow/dags/dag_orden_ventas_latam.py
[2026-06-29T22:03:59.385+0000] {processor.py:914} INFO - Processing file /opt/airflow/dags/dag_orden_ventas_latam.py for tasks to queue
[2026-06-29T22:03:59.396+0000] {logging_mixin.py:190} INFO - [2026-06-29T22:03:59.394+0000] {dagbag.py:588} INFO - Filling up the DagBag from /opt/airflow/dags/dag_orden_ventas_latam.py
[2026-06-29T22:03:59.506+0000] {processor.py:925} INFO - DAG(s) 'pipeline_beam_airflow' retrieved from /opt/airflow/dags/dag_orden_ventas_latam.py
[2026-06-29T22:03:59.763+0000] {logging_mixin.py:190} INFO - [2026-06-29T22:03:59.762+0000] {override.py:1912} INFO - Created Permission View: can read on DAG:pipeline_beam_airflow
[2026-06-29T22:03:59.799+0000] {logging_mixin.py:190} INFO - [2026-06-29T22:03:59.798+0000] {override.py:1912} INFO - Created Permission View: can delete on DAG:pipeline_beam_airflow
[2026-06-29T22:03:59.821+0000] {logging_mixin.py:190} INFO - [2026-06-29T22:03:59.821+0000] {override.py:1912} INFO - Created Permission View: can edit on DAG:pipeline_beam_airflow
[2026-06-29T22:03:59.845+0000] {logging_mixin.py:190} INFO - [2026-06-29T22:03:59.845+0000] {override.py:1912} INFO - Created Permission View: menu access on DAG Run:pipeline_beam_airflow
[2026-06-29T22:03:59.868+0000] {logging_mixin.py:190} INFO - [2026-06-29T22:03:59.867+0000] {override.py:1912} INFO - Created Permission View: can read on DAG Run:pipeline_beam_airflow
[2026-06-29T22:03:59.893+0000] {logging_mixin.py:190} INFO - [2026-06-29T22:03:59.892+0000] {override.py:1912} INFO - Created Permission View: can delete on DAG Run:pipeline_beam_airflow
[2026-06-29T22:03:59.915+0000] {logging_mixin.py:190} INFO - [2026-06-29T22:03:59.915+0000] {override.py:1912} INFO - Created Permission View: can create on DAG Run:pipeline_beam_airflow
[2026-06-29T22:03:59.917+0000] {logging_mixin.py:190} INFO - [2026-06-29T22:03:59.916+0000] {dag.py:3239} INFO - Sync 1 DAGs
[2026-06-29T22:03:59.955+0000] {logging_mixin.py:190} INFO - [2026-06-29T22:03:59.955+0000] {dag.py:3262} INFO - Creating ORM DAG for pipeline_beam_airflow
[2026-06-29T22:03:59.988+0000] {logging_mixin.py:190} INFO - [2026-06-29T22:03:59.987+0000] {dag.py:4180} INFO - Setting next_dagrun for pipeline_beam_airflow to 2026-06-28 00:00:00+00:00, run_after=2026-06-29 00:00:00+00:00
[2026-06-29T22:04:00.061+0000] {processor.py:208} INFO - Processing /opt/airflow/dags/dag_orden_ventas_latam.py took 0.691 seconds
[2026-06-29T22:04:30.614+0000] {processor.py:186} INFO - Started process (PID=732) to work on /opt/airflow/dags/dag_orden_ventas_latam.py
[2026-06-29T22:04:30.617+0000] {processor.py:914} INFO - Processing file /opt/airflow/dags/dag_orden_ventas_latam.py for tasks to queue
[2026-06-29T22:04:30.624+0000] {logging_mixin.py:190} INFO - [2026-06-29T22:04:30.623+0000] {dagbag.py:588} INFO - Filling up the DagBag from /opt/airflow/dags/dag_orden_ventas_latam.py
[2026-06-29T22:04:30.683+0000] {processor.py:925} INFO - DAG(s) 'pipeline_beam_airflow' retrieved from /opt/airflow/dags/dag_orden_ventas_latam.py
[2026-06-29T22:04:30.727+0000] {logging_mixin.py:190} INFO - [2026-06-29T22:04:30.727+0000] {dag.py:3239} INFO - Sync 1 DAGs
[2026-06-29T22:04:30.771+0000] {logging_mixin.py:190} INFO - [2026-06-29T22:04:30.771+0000] {dag.py:4180} INFO - Setting next_dagrun for pipeline_beam_airflow to 2026-06-28 00:00:00+00:00, run_after=2026-06-29 00:00:00+00:00
[2026-06-29T22:04:30.878+0000] {processor.py:208} INFO - Processing /opt/airflow/dags/dag_orden_ventas_latam.py took 0.274 seconds
[2026-06-29T22:05:01.250+0000] {processor.py:186} INFO - Started process (PID=796) to work on /opt/airflow/dags/dag_orden_ventas_latam.py
[2026-06-29T22:05:01.252+0000] {processor.py:914} INFO - Processing file /opt/airflow/dags/dag_orden_ventas_latam.py for tasks to queue
[2026-06-29T22:05:01.259+0000] {logging_mixin.py:190} INFO - [2026-06-29T22:05:01.259+0000] {dagbag.py:588} INFO - Filling up the DagBag from /opt/airflow/dags/dag_orden_ventas_latam.py
[2026-06-29T22:05:01.319+0000] {processor.py:925} INFO - DAG(s) 'pipeline_beam_airflow' retrieved from /opt/airflow/dags/dag_orden_ventas_latam.py
[2026-06-29T22:05:01.366+0000] {logging_mixin.py:190} INFO - [2026-06-29T22:05:01.366+0000] {dag.py:3239} INFO - Sync 1 DAGs
[2026-06-29T22:05:01.422+0000] {logging_mixin.py:190} INFO - [2026-06-29T22:05:01.421+0000] {dag.py:4180} INFO - Setting next_dagrun for pipeline_beam_airflow to 2026-06-28 00:00:00+00:00, run_after=2026-06-29 00:00:00+00:00
[2026-06-29T22:05:01.458+0000] {processor.py:208} INFO - Processing /opt/airflow/dags/dag_orden_ventas_latam.py took 0.227 seconds
[2026-06-29T22:05:32.102+0000] {processor.py:186} INFO - Started process (PID=860) to work on /opt/airflow/dags/dag_orden_ventas_latam.py
[2026-06-29T22:05:32.104+0000] {processor.py:914} INFO - Processing file /opt/airflow/dags/dag_orden_ventas_latam.py for tasks to queue
[2026-06-29T22:05:32.112+0000] {logging_mixin.py:190} INFO - [2026-06-29T22:05:32.111+0000] {dagbag.py:588} INFO - Filling up the DagBag from /opt/airflow/dags/dag_orden_ventas_latam.py
[2026-06-29T22:05:32.150+0000] {processor.py:925} INFO - DAG(s) 'pipeline_beam_airflow' retrieved from /opt/airflow/dags/dag_orden_ventas_latam.py
[2026-06-29T22:05:32.181+0000] {logging_mixin.py:190} INFO - [2026-06-29T22:05:32.180+0000] {dag.py:3239} INFO - Sync 1 DAGs
[2026-06-29T22:05:32.220+0000] {logging_mixin.py:190} INFO - [2026-06-29T22:05:32.220+0000] {dag.py:4180} INFO - Setting next_dagrun for pipeline_beam_airflow to 2026-06-28 00:00:00+00:00, run_after=2026-06-29 00:00:00+00:00
[2026-06-29T22:05:32.252+0000] {processor.py:208} INFO - Processing /opt/airflow/dags/dag_orden_ventas_latam.py took 0.157 seconds
[2026-06-29T22:06:02.659+0000] {processor.py:186} INFO - Started process (PID=925) to work on /opt/airflow/dags/dag_orden_ventas_latam.py
[2026-06-29T22:06:02.660+0000] {processor.py:914} INFO - Processing file /opt/airflow/dags/dag_orden_ventas_latam.py for tasks to queue
[2026-06-29T22:06:02.665+0000] {logging_mixin.py:190} INFO - [2026-06-29T22:06:02.664+0000] {dagbag.py:588} INFO - Filling up the DagBag from /opt/airflow/dags/dag_orden_ventas_latam.py
[2026-06-29T22:06:02.711+0000] {processor.py:925} INFO - DAG(s) 'pipeline_beam_airflow' retrieved from /opt/airflow/dags/dag_orden_ventas_latam.py
[2026-06-29T22:06:02.734+0000] {logging_mixin.py:190} INFO - [2026-06-29T22:06:02.733+0000] {dag.py:3239} INFO - Sync 1 DAGs
[2026-06-29T22:06:02.760+0000] {logging_mixin.py:190} INFO - [2026-06-29T22:06:02.759+0000] {dag.py:4180} INFO - Setting next_dagrun for pipeline_beam_airflow to 2026-06-28 00:00:00+00:00, run_after=2026-06-29 00:00:00+00:00
[2026-06-29T22:06:02.783+0000] {processor.py:208} INFO - Processing /opt/airflow/dags/dag_orden_ventas_latam.py took 0.135 seconds
[2026-06-29T22:08:16.723+0000] {processor.py:186} INFO - Started process (PID=81) to work on /opt/airflow/dags/dag_orden_ventas_latam.py
[2026-06-29T22:08:16.727+0000] {processor.py:914} INFO - Processing file /opt/airflow/dags/dag_orden_ventas_latam.py for tasks to queue
[2026-06-29T22:08:16.734+0000] {logging_mixin.py:190} INFO - [2026-06-29T22:08:16.734+0000] {dagbag.py:588} INFO - Filling up the DagBag from /opt/airflow/dags/dag_orden_ventas_latam.py
[2026-06-29T22:08:16.835+0000] {processor.py:925} INFO - DAG(s) 'pipeline_beam_airflow' retrieved from /opt/airflow/dags/dag_orden_ventas_latam.py
[2026-06-29T22:08:16.901+0000] {logging_mixin.py:190} INFO - [2026-06-29T22:08:16.901+0000] {dag.py:3239} INFO - Sync 1 DAGs
[2026-06-29T22:08:16.946+0000] {logging_mixin.py:190} INFO - [2026-06-29T22:08:16.946+0000] {dag.py:4180} INFO - Setting next_dagrun for pipeline_beam_airflow to 2026-06-28 00:00:00+00:00, run_after=2026-06-29 00:00:00+00:00
[2026-06-29T22:08:17.026+0000] {processor.py:208} INFO - Processing /opt/airflow/dags/dag_orden_ventas_latam.py took 0.314 seconds
[2026-06-29T22:08:48.643+0000] {processor.py:186} INFO - Started process (PID=145) to work on /opt/airflow/dags/dag_orden_ventas_latam.py
[2026-06-29T22:08:48.650+0000] {processor.py:914} INFO - Processing file /opt/airflow/dags/dag_orden_ventas_latam.py for tasks to queue
[2026-06-29T22:08:48.660+0000] {logging_mixin.py:190} INFO - [2026-06-29T22:08:48.659+0000] {dagbag.py:588} INFO - Filling up the DagBag from /opt/airflow/dags/dag_orden_ventas_latam.py
[2026-06-29T22:08:48.871+0000] {processor.py:925} INFO - DAG(s) 'pipeline_beam_airflow' retrieved from /opt/airflow/dags/dag_orden_ventas_latam.py
[2026-06-29T22:08:48.965+0000] {logging_mixin.py:190} INFO - [2026-06-29T22:08:48.964+0000] {dag.py:3239} INFO - Sync 1 DAGs
[2026-06-29T22:08:49.031+0000] {logging_mixin.py:190} INFO - [2026-06-29T22:08:49.031+0000] {dag.py:4180} INFO - Setting next_dagrun for pipeline_beam_airflow to 2026-06-28 00:00:00+00:00, run_after=2026-06-29 00:00:00+00:00
[2026-06-29T22:08:49.115+0000] {processor.py:208} INFO - Processing /opt/airflow/dags/dag_orden_ventas_latam.py took 0.490 seconds
[2026-06-29T22:09:19.320+0000] {processor.py:186} INFO - Started process (PID=210) to work on /opt/airflow/dags/dag_orden_ventas_latam.py
[2026-06-29T22:09:19.322+0000] {processor.py:914} INFO - Processing file /opt/airflow/dags/dag_orden_ventas_latam.py for tasks to queue
[2026-06-29T22:09:19.326+0000] {logging_mixin.py:190} INFO - [2026-06-29T22:09:19.326+0000] {dagbag.py:588} INFO - Filling up the DagBag from /opt/airflow/dags/dag_orden_ventas_latam.py
[2026-06-29T22:09:19.388+0000] {processor.py:925} INFO - DAG(s) 'pipeline_beam_airflow' retrieved from /opt/airflow/dags/dag_orden_ventas_latam.py
[2026-06-29T22:09:19.448+0000] {logging_mixin.py:190} INFO - [2026-06-29T22:09:19.447+0000] {dag.py:3239} INFO - Sync 1 DAGs
[2026-06-29T22:09:19.510+0000] {logging_mixin.py:190} INFO - [2026-06-29T22:09:19.510+0000] {dag.py:4180} INFO - Setting next_dagrun for pipeline_beam_airflow to 2026-06-28 00:00:00+00:00, run_after=2026-06-29 00:00:00+00:00
[2026-06-29T22:09:19.547+0000] {processor.py:208} INFO - Processing /opt/airflow/dags/dag_orden_ventas_latam.py took 0.235 seconds
[2026-06-29T22:09:49.748+0000] {processor.py:186} INFO - Started process (PID=273) to work on /opt/airflow/dags/dag_orden_ventas_latam.py
[2026-06-29T22:09:49.753+0000] {processor.py:914} INFO - Processing file /opt/airflow/dags/dag_orden_ventas_latam.py for tasks to queue
[2026-06-29T22:09:49.762+0000] {logging_mixin.py:190} INFO - [2026-06-29T22:09:49.761+0000] {dagbag.py:588} INFO - Filling up the DagBag from /opt/airflow/dags/dag_orden_ventas_latam.py
[2026-06-29T22:09:49.843+0000] {processor.py:925} INFO - DAG(s) 'pipeline_beam_airflow' retrieved from /opt/airflow/dags/dag_orden_ventas_latam.py
[2026-06-29T22:09:49.924+0000] {logging_mixin.py:190} INFO - [2026-06-29T22:09:49.923+0000] {dag.py:3239} INFO - Sync 1 DAGs
[2026-06-29T22:09:50.038+0000] {logging_mixin.py:190} INFO - [2026-06-29T22:09:50.037+0000] {dag.py:4180} INFO - Setting next_dagrun for pipeline_beam_airflow to 2026-06-28 00:00:00+00:00, run_after=2026-06-29 00:00:00+00:00
[2026-06-29T22:09:50.132+0000] {processor.py:208} INFO - Processing /opt/airflow/dags/dag_orden_ventas_latam.py took 0.407 seconds
[2026-06-29T22:10:20.664+0000] {processor.py:186} INFO - Started process (PID=338) to work on /opt/airflow/dags/dag_orden_ventas_latam.py
[2026-06-29T22:10:20.667+0000] {processor.py:914} INFO - Processing file /opt/airflow/dags/dag_orden_ventas_latam.py for tasks to queue
[2026-06-29T22:10:20.671+0000] {logging_mixin.py:190} INFO - [2026-06-29T22:10:20.670+0000] {dagbag.py:588} INFO - Filling up the DagBag from /opt/airflow/dags/dag_orden_ventas_latam.py
[2026-06-29T22:10:20.738+0000] {processor.py:925} INFO - DAG(s) 'pipeline_beam_airflow' retrieved from /opt/airflow/dags/dag_orden_ventas_latam.py
[2026-06-29T22:10:20.773+0000] {logging_mixin.py:190} INFO - [2026-06-29T22:10:20.773+0000] {dag.py:3239} INFO - Sync 1 DAGs
[2026-06-29T22:10:20.817+0000] {logging_mixin.py:190} INFO - [2026-06-29T22:10:20.816+0000] {dag.py:4180} INFO - Setting next_dagrun for pipeline_beam_airflow to 2026-06-28 00:00:00+00:00, run_after=2026-06-29 00:00:00+00:00
[2026-06-29T22:10:20.852+0000] {processor.py:208} INFO - Processing /opt/airflow/dags/dag_orden_ventas_latam.py took 0.199 seconds
[2026-06-29T22:10:51.689+0000] {processor.py:186} INFO - Started process (PID=402) to work on /opt/airflow/dags/dag_orden_ventas_latam.py
[2026-06-29T22:10:51.695+0000] {processor.py:914} INFO - Processing file /opt/airflow/dags/dag_orden_ventas_latam.py for tasks to queue
[2026-06-29T22:10:51.702+0000] {logging_mixin.py:190} INFO - [2026-06-29T22:10:51.701+0000] {dagbag.py:588} INFO - Filling up the DagBag from /opt/airflow/dags/dag_orden_ventas_latam.py
[2026-06-29T22:10:51.783+0000] {processor.py:925} INFO - DAG(s) 'pipeline_beam_airflow' retrieved from /opt/airflow/dags/dag_orden_ventas_latam.py
[2026-06-29T22:10:51.852+0000] {logging_mixin.py:190} INFO - [2026-06-29T22:10:51.851+0000] {dag.py:3239} INFO - Sync 1 DAGs
[2026-06-29T22:10:51.916+0000] {logging_mixin.py:190} INFO - [2026-06-29T22:10:51.915+0000] {dag.py:4180} INFO - Setting next_dagrun for pipeline_beam_airflow to 2026-06-29 00:00:00+00:00, run_after=2026-06-30 00:00:00+00:00
[2026-06-29T22:10:51.976+0000] {processor.py:208} INFO - Processing /opt/airflow/dags/dag_orden_ventas_latam.py took 0.303 seconds
[2026-06-29T22:11:24.218+0000] {processor.py:186} INFO - Started process (PID=466) to work on /opt/airflow/dags/dag_orden_ventas_latam.py
[2026-06-29T22:11:24.220+0000] {processor.py:914} INFO - Processing file /opt/airflow/dags/dag_orden_ventas_latam.py for tasks to queue
[2026-06-29T22:11:24.225+0000] {logging_mixin.py:190} INFO - [2026-06-29T22:11:24.224+0000] {dagbag.py:588} INFO - Filling up the DagBag from /opt/airflow/dags/dag_orden_ventas_latam.py
[2026-06-29T22:11:24.284+0000] {processor.py:925} INFO - DAG(s) 'pipeline_beam_airflow' retrieved from /opt/airflow/dags/dag_orden_ventas_latam.py
[2026-06-29T22:11:24.327+0000] {logging_mixin.py:190} INFO - [2026-06-29T22:11:24.327+0000] {dag.py:3239} INFO - Sync 1 DAGs
[2026-06-29T22:11:24.389+0000] {logging_mixin.py:190} INFO - [2026-06-29T22:11:24.388+0000] {dag.py:4180} INFO - Setting next_dagrun for pipeline_beam_airflow to 2026-06-29 00:00:00+00:00, run_after=2026-06-30 00:00:00+00:00
[2026-06-29T22:11:24.438+0000] {processor.py:208} INFO - Processing /opt/airflow/dags/dag_orden_ventas_latam.py took 0.232 seconds
[2026-06-29T22:11:54.580+0000] {processor.py:186} INFO - Started process (PID=524) to work on /opt/airflow/dags/dag_orden_ventas_latam.py
[2026-06-29T22:11:54.582+0000] {processor.py:914} INFO - Processing file /opt/airflow/dags/dag_orden_ventas_latam.py for tasks to queue
[2026-06-29T22:11:54.586+0000] {logging_mixin.py:190} INFO - [2026-06-29T22:11:54.586+0000] {dagbag.py:588} INFO - Filling up the DagBag from /opt/airflow/dags/dag_orden_ventas_latam.py
[2026-06-29T22:11:54.645+0000] {processor.py:925} INFO - DAG(s) 'pipeline_beam_airflow' retrieved from /opt/airflow/dags/dag_orden_ventas_latam.py
[2026-06-29T22:11:54.693+0000] {logging_mixin.py:190} INFO - [2026-06-29T22:11:54.692+0000] {dag.py:3239} INFO - Sync 1 DAGs
[2026-06-29T22:11:54.748+0000] {logging_mixin.py:190} INFO - [2026-06-29T22:11:54.747+0000] {dag.py:4180} INFO - Setting next_dagrun for pipeline_beam_airflow to 2026-06-29 00:00:00+00:00, run_after=2026-06-30 00:00:00+00:00
[2026-06-29T22:11:54.804+0000] {processor.py:208} INFO - Processing /opt/airflow/dags/dag_orden_ventas_latam.py took 0.233 seconds
[2026-06-29T22:12:25.809+0000] {processor.py:186} INFO - Started process (PID=588) to work on /opt/airflow/dags/dag_orden_ventas_latam.py
[2026-06-29T22:12:25.813+0000] {processor.py:914} INFO - Processing file /opt/airflow/dags/dag_orden_ventas_latam.py for tasks to queue
[2026-06-29T22:12:25.824+0000] {logging_mixin.py:190} INFO - [2026-06-29T22:12:25.823+0000] {dagbag.py:588} INFO - Filling up the DagBag from /opt/airflow/dags/dag_orden_ventas_latam.py
[2026-06-29T22:12:25.942+0000] {processor.py:925} INFO - DAG(s) 'pipeline_beam_airflow' retrieved from /opt/airflow/dags/dag_orden_ventas_latam.py
[2026-06-29T22:12:25.996+0000] {logging_mixin.py:190} INFO - [2026-06-29T22:12:25.995+0000] {dag.py:3239} INFO - Sync 1 DAGs
[2026-06-29T22:12:26.101+0000] {logging_mixin.py:190} INFO - [2026-06-29T22:12:26.098+0000] {dag.py:4180} INFO - Setting next_dagrun for pipeline_beam_airflow to 2026-06-29 00:00:00+00:00, run_after=2026-06-30 00:00:00+00:00
[2026-06-29T22:12:26.183+0000] {processor.py:208} INFO - Processing /opt/airflow/dags/dag_orden_ventas_latam.py took 0.386 seconds
[2026-06-29T22:12:57.230+0000] {processor.py:186} INFO - Started process (PID=652) to work on /opt/airflow/dags/dag_orden_ventas_latam.py
[2026-06-29T22:12:57.232+0000] {processor.py:914} INFO - Processing file /opt/airflow/dags/dag_orden_ventas_latam.py for tasks to queue
[2026-06-29T22:12:57.236+0000] {logging_mixin.py:190} INFO - [2026-06-29T22:12:57.236+0000] {dagbag.py:588} INFO - Filling up the DagBag from /opt/airflow/dags/dag_orden_ventas_latam.py
[2026-06-29T22:12:57.284+0000] {processor.py:925} INFO - DAG(s) 'pipeline_beam_airflow' retrieved from /opt/airflow/dags/dag_orden_ventas_latam.py
[2026-06-29T22:12:57.322+0000] {logging_mixin.py:190} INFO - [2026-06-29T22:12:57.321+0000] {dag.py:3239} INFO - Sync 1 DAGs
[2026-06-29T22:12:57.351+0000] {logging_mixin.py:190} INFO - [2026-06-29T22:12:57.351+0000] {dag.py:4180} INFO - Setting next_dagrun for pipeline_beam_airflow to 2026-06-29 00:00:00+00:00, run_after=2026-06-30 00:00:00+00:00
[2026-06-29T22:12:57.376+0000] {processor.py:208} INFO - Processing /opt/airflow/dags/dag_orden_ventas_latam.py took 0.152 seconds
[2026-06-29T22:13:27.877+0000] {processor.py:186} INFO - Started process (PID=716) to work on /opt/airflow/dags/dag_orden_ventas_latam.py
[2026-06-29T22:13:27.880+0000] {processor.py:914} INFO - Processing file /opt/airflow/dags/dag_orden_ventas_latam.py for tasks to queue
[2026-06-29T22:13:27.885+0000] {logging_mixin.py:190} INFO - [2026-06-29T22:13:27.884+0000] {dagbag.py:588} INFO - Filling up the DagBag from /opt/airflow/dags/dag_orden_ventas_latam.py
[2026-06-29T22:13:27.925+0000] {processor.py:925} INFO - DAG(s) 'pipeline_beam_airflow' retrieved from /opt/airflow/dags/dag_orden_ventas_latam.py
[2026-06-29T22:13:27.953+0000] {logging_mixin.py:190} INFO - [2026-06-29T22:13:27.953+0000] {dag.py:3239} INFO - Sync 1 DAGs
[2026-06-29T22:13:27.992+0000] {logging_mixin.py:190} INFO - [2026-06-29T22:13:27.992+0000] {dag.py:4180} INFO - Setting next_dagrun for pipeline_beam_airflow to 2026-06-29 00:00:00+00:00, run_after=2026-06-30 00:00:00+00:00
[2026-06-29T22:13:28.026+0000] {processor.py:208} INFO - Processing /opt/airflow/dags/dag_orden_ventas_latam.py took 0.157 seconds
[2026-06-29T22:13:58.438+0000] {processor.py:186} INFO - Started process (PID=781) to work on /opt/airflow/dags/dag_orden_ventas_latam.py
[2026-06-29T22:13:58.440+0000] {processor.py:914} INFO - Processing file /opt/airflow/dags/dag_orden_ventas_latam.py for tasks to queue
[2026-06-29T22:13:58.443+0000] {logging_mixin.py:190} INFO - [2026-06-29T22:13:58.442+0000] {dagbag.py:588} INFO - Filling up the DagBag from /opt/airflow/dags/dag_orden_ventas_latam.py
[2026-06-29T22:13:58.485+0000] {processor.py:925} INFO - DAG(s) 'pipeline_beam_airflow' retrieved from /opt/airflow/dags/dag_orden_ventas_latam.py
[2026-06-29T22:13:58.510+0000] {logging_mixin.py:190} INFO - [2026-06-29T22:13:58.509+0000] {dag.py:3239} INFO - Sync 1 DAGs
[2026-06-29T22:13:58.536+0000] {logging_mixin.py:190} INFO - [2026-06-29T22:13:58.536+0000] {dag.py:4180} INFO - Setting next_dagrun for pipeline_beam_airflow to 2026-06-29 00:00:00+00:00, run_after=2026-06-30 00:00:00+00:00
[2026-06-29T22:13:58.560+0000] {processor.py:208} INFO - Processing /opt/airflow/dags/dag_orden_ventas_latam.py took 0.132 seconds
[2026-06-29T22:14:29.382+0000] {processor.py:186} INFO - Started process (PID=845) to work on /opt/airflow/dags/dag_orden_ventas_latam.py
[2026-06-29T22:14:29.386+0000] {processor.py:914} INFO - Processing file /opt/airflow/dags/dag_orden_ventas_latam.py for tasks to queue
[2026-06-29T22:14:29.396+0000] {logging_mixin.py:190} INFO - [2026-06-29T22:14:29.394+0000] {dagbag.py:588} INFO - Filling up the DagBag from /opt/airflow/dags/dag_orden_ventas_latam.py
[2026-06-29T22:14:29.483+0000] {processor.py:925} INFO - DAG(s) 'pipeline_beam_airflow' retrieved from /opt/airflow/dags/dag_orden_ventas_latam.py
[2026-06-29T22:14:29.534+0000] {logging_mixin.py:190} INFO - [2026-06-29T22:14:29.534+0000] {dag.py:3239} INFO - Sync 1 DAGs
[2026-06-29T22:14:29.586+0000] {logging_mixin.py:190} INFO - [2026-06-29T22:14:29.586+0000] {dag.py:4180} INFO - Setting next_dagrun for pipeline_beam_airflow to 2026-06-29 00:00:00+00:00, run_after=2026-06-30 00:00:00+00:00
[2026-06-29T22:14:29.630+0000] {processor.py:208} INFO - Processing /opt/airflow/dags/dag_orden_ventas_latam.py took 0.267 seconds
[2026-06-29T22:15:00.431+0000] {processor.py:186} INFO - Started process (PID=909) to work on /opt/airflow/dags/dag_orden_ventas_latam.py
[2026-06-29T22:15:00.433+0000] {processor.py:914} INFO - Processing file /opt/airflow/dags/dag_orden_ventas_latam.py for tasks to queue
[2026-06-29T22:15:00.438+0000] {logging_mixin.py:190} INFO - [2026-06-29T22:15:00.437+0000] {dagbag.py:588} INFO - Filling up the DagBag from /opt/airflow/dags/dag_orden_ventas_latam.py
[2026-06-29T22:15:00.479+0000] {processor.py:925} INFO - DAG(s) 'pipeline_beam_airflow' retrieved from /opt/airflow/dags/dag_orden_ventas_latam.py
[2026-06-29T22:15:00.517+0000] {logging_mixin.py:190} INFO - [2026-06-29T22:15:00.517+0000] {dag.py:3239} INFO - Sync 1 DAGs
[2026-06-29T22:15:00.566+0000] {logging_mixin.py:190} INFO - [2026-06-29T22:15:00.566+0000] {dag.py:4180} INFO - Setting next_dagrun for pipeline_beam_airflow to 2026-06-29 00:00:00+00:00, run_after=2026-06-30 00:00:00+00:00
[2026-06-29T22:15:00.611+0000] {processor.py:208} INFO - Processing /opt/airflow/dags/dag_orden_ventas_latam.py took 0.191 seconds
[2026-06-29T22:15:30.768+0000] {processor.py:186} INFO - Started process (PID=973) to work on /opt/airflow/dags/dag_orden_ventas_latam.py
[2026-06-29T22:15:30.771+0000] {processor.py:914} INFO - Processing file /opt/airflow/dags/dag_orden_ventas_latam.py for tasks to queue
[2026-06-29T22:15:30.776+0000] {logging_mixin.py:190} INFO - [2026-06-29T22:15:30.776+0000] {dagbag.py:588} INFO - Filling up the DagBag from /opt/airflow/dags/dag_orden_ventas_latam.py
[2026-06-29T22:15:30.834+0000] {processor.py:925} INFO - DAG(s) 'pipeline_beam_airflow' retrieved from /opt/airflow/dags/dag_orden_ventas_latam.py
[2026-06-29T22:15:30.885+0000] {logging_mixin.py:190} INFO - [2026-06-29T22:15:30.885+0000] {dag.py:3239} INFO - Sync 1 DAGs
[2026-06-29T22:15:30.929+0000] {logging_mixin.py:190} INFO - [2026-06-29T22:15:30.929+0000] {dag.py:4180} INFO - Setting next_dagrun for pipeline_beam_airflow to 2026-06-29 00:00:00+00:00, run_after=2026-06-30 00:00:00+00:00
[2026-06-29T22:15:30.968+0000] {processor.py:208} INFO - Processing /opt/airflow/dags/dag_orden_ventas_latam.py took 0.211 seconds
[2026-06-29T22:16:01.067+0000] {processor.py:186} INFO - Started process (PID=1037) to work on /opt/airflow/dags/dag_orden_ventas_latam.py
[2026-06-29T22:16:01.069+0000] {processor.py:914} INFO - Processing file /opt/airflow/dags/dag_orden_ventas_latam.py for tasks to queue
[2026-06-29T22:16:01.073+0000] {logging_mixin.py:190} INFO - [2026-06-29T22:16:01.072+0000] {dagbag.py:588} INFO - Filling up the DagBag from /opt/airflow/dags/dag_orden_ventas_latam.py
[2026-06-29T22:16:01.121+0000] {processor.py:925} INFO - DAG(s) 'pipeline_beam_airflow' retrieved from /opt/airflow/dags/dag_orden_ventas_latam.py
[2026-06-29T22:16:01.159+0000] {logging_mixin.py:190} INFO - [2026-06-29T22:16:01.159+0000] {dag.py:3239} INFO - Sync 1 DAGs
[2026-06-29T22:16:01.196+0000] {logging_mixin.py:190} INFO - [2026-06-29T22:16:01.196+0000] {dag.py:4180} INFO - Setting next_dagrun for pipeline_beam_airflow to 2026-06-29 00:00:00+00:00, run_after=2026-06-30 00:00:00+00:00
[2026-06-29T22:16:01.227+0000] {processor.py:208} INFO - Processing /opt/airflow/dags/dag_orden_ventas_latam.py took 0.173 seconds
[2026-06-29T22:16:31.667+0000] {processor.py:186} INFO - Started process (PID=1101) to work on /opt/airflow/dags/dag_orden_ventas_latam.py
[2026-06-29T22:16:31.670+0000] {processor.py:914} INFO - Processing file /opt/airflow/dags/dag_orden_ventas_latam.py for tasks to queue
[2026-06-29T22:16:31.679+0000] {logging_mixin.py:190} INFO - [2026-06-29T22:16:31.678+0000] {dagbag.py:588} INFO - Filling up the DagBag from /opt/airflow/dags/dag_orden_ventas_latam.py
[2026-06-29T22:16:31.747+0000] {processor.py:925} INFO - DAG(s) 'pipeline_beam_airflow' retrieved from /opt/airflow/dags/dag_orden_ventas_latam.py
[2026-06-29T22:16:31.807+0000] {logging_mixin.py:190} INFO - [2026-06-29T22:16:31.806+0000] {dag.py:3239} INFO - Sync 1 DAGs
[2026-06-29T22:16:31.881+0000] {logging_mixin.py:190} INFO - [2026-06-29T22:16:31.881+0000] {dag.py:4180} INFO - Setting next_dagrun for pipeline_beam_airflow to 2026-06-29 00:00:00+00:00, run_after=2026-06-30 00:00:00+00:00
[2026-06-29T22:16:31.943+0000] {processor.py:208} INFO - Processing /opt/airflow/dags/dag_orden_ventas_latam.py took 0.287 seconds
[2026-06-29T22:17:02.520+0000] {processor.py:186} INFO - Started process (PID=1165) to work on /opt/airflow/dags/dag_orden_ventas_latam.py
[2026-06-29T22:17:02.522+0000] {processor.py:914} INFO - Processing file /opt/airflow/dags/dag_orden_ventas_latam.py for tasks to queue
[2026-06-29T22:17:02.528+0000] {logging_mixin.py:190} INFO - [2026-06-29T22:17:02.527+0000] {dagbag.py:588} INFO - Filling up the DagBag from /opt/airflow/dags/dag_orden_ventas_latam.py
[2026-06-29T22:17:02.568+0000] {processor.py:925} INFO - DAG(s) 'pipeline_beam_airflow' retrieved from /opt/airflow/dags/dag_orden_ventas_latam.py
[2026-06-29T22:17:02.602+0000] {logging_mixin.py:190} INFO - [2026-06-29T22:17:02.602+0000] {dag.py:3239} INFO - Sync 1 DAGs
[2026-06-29T22:17:02.638+0000] {logging_mixin.py:190} INFO - [2026-06-29T22:17:02.637+0000] {dag.py:4180} INFO - Setting next_dagrun for pipeline_beam_airflow to 2026-06-29 00:00:00+00:00, run_after=2026-06-30 00:00:00+00:00
[2026-06-29T22:17:02.671+0000] {processor.py:208} INFO - Processing /opt/airflow/dags/dag_orden_ventas_latam.py took 0.161 seconds
[2026-06-29T22:17:36.067+0000] {processor.py:186} INFO - Started process (PID=1225) to work on /opt/airflow/dags/dag_orden_ventas_latam.py
[2026-06-29T22:17:36.069+0000] {processor.py:914} INFO - Processing file /opt/airflow/dags/dag_orden_ventas_latam.py for tasks to queue
[2026-06-29T22:17:36.077+0000] {logging_mixin.py:190} INFO - [2026-06-29T22:17:36.076+0000] {dagbag.py:588} INFO - Filling up the DagBag from /opt/airflow/dags/dag_orden_ventas_latam.py
[2026-06-29T22:17:36.124+0000] {processor.py:925} INFO - DAG(s) 'pipeline_beam_airflow' retrieved from /opt/airflow/dags/dag_orden_ventas_latam.py
[2026-06-29T22:17:36.159+0000] {logging_mixin.py:190} INFO - [2026-06-29T22:17:36.158+0000] {dag.py:3239} INFO - Sync 1 DAGs
[2026-06-29T22:17:36.199+0000] {logging_mixin.py:190} INFO - [2026-06-29T22:17:36.198+0000] {dag.py:4180} INFO - Setting next_dagrun for pipeline_beam_airflow to 2026-06-29 00:00:00+00:00, run_after=2026-06-30 00:00:00+00:00
[2026-06-29T22:17:36.244+0000] {processor.py:208} INFO - Processing /opt/airflow/dags/dag_orden_ventas_latam.py took 0.185 seconds
[2026-06-29T22:18:06.530+0000] {processor.py:186} INFO - Started process (PID=1289) to work on /opt/airflow/dags/dag_orden_ventas_latam.py
[2026-06-29T22:18:06.532+0000] {processor.py:914} INFO - Processing file /opt/airflow/dags/dag_orden_ventas_latam.py for tasks to queue
[2026-06-29T22:18:06.534+0000] {logging_mixin.py:190} INFO - [2026-06-29T22:18:06.534+0000] {dagbag.py:588} INFO - Filling up the DagBag from /opt/airflow/dags/dag_orden_ventas_latam.py
[2026-06-29T22:18:06.570+0000] {processor.py:925} INFO - DAG(s) 'pipeline_beam_airflow' retrieved from /opt/airflow/dags/dag_orden_ventas_latam.py
[2026-06-29T22:18:06.592+0000] {logging_mixin.py:190} INFO - [2026-06-29T22:18:06.592+0000] {dag.py:3239} INFO - Sync 1 DAGs
[2026-06-29T22:18:06.617+0000] {logging_mixin.py:190} INFO - [2026-06-29T22:18:06.617+0000] {dag.py:4180} INFO - Setting next_dagrun for pipeline_beam_airflow to 2026-06-29 00:00:00+00:00, run_after=2026-06-30 00:00:00+00:00
[2026-06-29T22:18:06.641+0000] {processor.py:208} INFO - Processing /opt/airflow/dags/dag_orden_ventas_latam.py took 0.117 seconds
[2026-06-29T22:18:38.532+0000] {processor.py:186} INFO - Started process (PID=1350) to work on /opt/airflow/dags/dag_orden_ventas_latam.py
[2026-06-29T22:18:38.540+0000] {processor.py:914} INFO - Processing file /opt/airflow/dags/dag_orden_ventas_latam.py for tasks to queue
[2026-06-29T22:18:38.545+0000] {logging_mixin.py:190} INFO - [2026-06-29T22:18:38.544+0000] {dagbag.py:588} INFO - Filling up the DagBag from /opt/airflow/dags/dag_orden_ventas_latam.py
[2026-06-29T22:18:38.636+0000] {processor.py:925} INFO - DAG(s) 'pipeline_beam_airflow' retrieved from /opt/airflow/dags/dag_orden_ventas_latam.py
[2026-06-29T22:18:38.689+0000] {logging_mixin.py:190} INFO - [2026-06-29T22:18:38.689+0000] {dag.py:3239} INFO - Sync 1 DAGs
[2026-06-29T22:18:38.747+0000] {logging_mixin.py:190} INFO - [2026-06-29T22:18:38.746+0000] {dag.py:4180} INFO - Setting next_dagrun for pipeline_beam_airflow to 2026-06-29 00:00:00+00:00, run_after=2026-06-30 00:00:00+00:00
[2026-06-29T22:18:38.802+0000] {processor.py:208} INFO - Processing /opt/airflow/dags/dag_orden_ventas_latam.py took 0.280 seconds
[2026-06-29T22:19:08.929+0000] {processor.py:186} INFO - Started process (PID=1410) to work on /opt/airflow/dags/dag_orden_ventas_latam.py
[2026-06-29T22:19:08.934+0000] {processor.py:914} INFO - Processing file /opt/airflow/dags/dag_orden_ventas_latam.py for tasks to queue
[2026-06-29T22:19:08.942+0000] {logging_mixin.py:190} INFO - [2026-06-29T22:19:08.941+0000] {dagbag.py:588} INFO - Filling up the DagBag from /opt/airflow/dags/dag_orden_ventas_latam.py
[2026-06-29T22:19:08.986+0000] {processor.py:925} INFO - DAG(s) 'pipeline_beam_airflow' retrieved from /opt/airflow/dags/dag_orden_ventas_latam.py
[2026-06-29T22:19:09.022+0000] {logging_mixin.py:190} INFO - [2026-06-29T22:19:09.022+0000] {dag.py:3239} INFO - Sync 1 DAGs
[2026-06-29T22:19:09.054+0000] {logging_mixin.py:190} INFO - [2026-06-29T22:19:09.053+0000] {dag.py:4180} INFO - Setting next_dagrun for pipeline_beam_airflow to 2026-06-29 00:00:00+00:00, run_after=2026-06-30 00:00:00+00:00
[2026-06-29T22:19:09.095+0000] {processor.py:208} INFO - Processing /opt/airflow/dags/dag_orden_ventas_latam.py took 0.186 seconds
[2026-06-29T22:19:39.308+0000] {processor.py:186} INFO - Started process (PID=1472) to work on /opt/airflow/dags/dag_orden_ventas_latam.py
[2026-06-29T22:19:39.311+0000] {processor.py:914} INFO - Processing file /opt/airflow/dags/dag_orden_ventas_latam.py for tasks to queue
[2026-06-29T22:19:39.323+0000] {logging_mixin.py:190} INFO - [2026-06-29T22:19:39.321+0000] {dagbag.py:588} INFO - Filling up the DagBag from /opt/airflow/dags/dag_orden_ventas_latam.py
[2026-06-29T22:19:39.411+0000] {processor.py:925} INFO - DAG(s) 'pipeline_beam_airflow' retrieved from /opt/airflow/dags/dag_orden_ventas_latam.py
[2026-06-29T22:19:39.488+0000] {logging_mixin.py:190} INFO - [2026-06-29T22:19:39.487+0000] {dag.py:3239} INFO - Sync 1 DAGs
[2026-06-29T22:19:39.554+0000] {logging_mixin.py:190} INFO - [2026-06-29T22:19:39.554+0000] {dag.py:4180} INFO - Setting next_dagrun for pipeline_beam_airflow to 2026-06-29 00:00:00+00:00, run_after=2026-06-30 00:00:00+00:00
[2026-06-29T22:19:39.609+0000] {processor.py:208} INFO - Processing /opt/airflow/dags/dag_orden_ventas_latam.py took 0.312 seconds
[2026-06-29T22:20:12.307+0000] {processor.py:186} INFO - Started process (PID=1536) to work on /opt/airflow/dags/dag_orden_ventas_latam.py
[2026-06-29T22:20:12.310+0000] {processor.py:914} INFO - Processing file /opt/airflow/dags/dag_orden_ventas_latam.py for tasks to queue
[2026-06-29T22:20:12.317+0000] {logging_mixin.py:190} INFO - [2026-06-29T22:20:12.317+0000] {dagbag.py:588} INFO - Filling up the DagBag from /opt/airflow/dags/dag_orden_ventas_latam.py
[2026-06-29T22:20:12.379+0000] {processor.py:925} INFO - DAG(s) 'pipeline_beam_airflow' retrieved from /opt/airflow/dags/dag_orden_ventas_latam.py
[2026-06-29T22:20:12.428+0000] {logging_mixin.py:190} INFO - [2026-06-29T22:20:12.427+0000] {dag.py:3239} INFO - Sync 1 DAGs
[2026-06-29T22:20:12.490+0000] {logging_mixin.py:190} INFO - [2026-06-29T22:20:12.490+0000] {dag.py:4180} INFO - Setting next_dagrun for pipeline_beam_airflow to 2026-06-29 00:00:00+00:00, run_after=2026-06-30 00:00:00+00:00
[2026-06-29T22:20:12.563+0000] {processor.py:208} INFO - Processing /opt/airflow/dags/dag_orden_ventas_latam.py took 0.272 seconds
[2026-06-29T22:20:43.765+0000] {processor.py:186} INFO - Started process (PID=1596) to work on /opt/airflow/dags/dag_orden_ventas_latam.py
[2026-06-29T22:20:43.769+0000] {processor.py:914} INFO - Processing file /opt/airflow/dags/dag_orden_ventas_latam.py for tasks to queue
[2026-06-29T22:20:43.779+0000] {logging_mixin.py:190} INFO - [2026-06-29T22:20:43.777+0000] {dagbag.py:588} INFO - Filling up the DagBag from /opt/airflow/dags/dag_orden_ventas_latam.py
[2026-06-29T22:20:43.872+0000] {processor.py:925} INFO - DAG(s) 'pipeline_beam_airflow' retrieved from /opt/airflow/dags/dag_orden_ventas_latam.py
[2026-06-29T22:20:43.931+0000] {logging_mixin.py:190} INFO - [2026-06-29T22:20:43.930+0000] {dag.py:3239} INFO - Sync 1 DAGs
[2026-06-29T22:20:44.016+0000] {logging_mixin.py:190} INFO - [2026-06-29T22:20:44.015+0000] {dag.py:4180} INFO - Setting next_dagrun for pipeline_beam_airflow to 2026-06-29 00:00:00+00:00, run_after=2026-06-30 00:00:00+00:00
[2026-06-29T22:20:44.089+0000] {processor.py:208} INFO - Processing /opt/airflow/dags/dag_orden_ventas_latam.py took 0.338 seconds
[2026-06-29T22:21:14.782+0000] {processor.py:186} INFO - Started process (PID=1660) to work on /opt/airflow/dags/dag_orden_ventas_latam.py
[2026-06-29T22:21:14.785+0000] {processor.py:914} INFO - Processing file /opt/airflow/dags/dag_orden_ventas_latam.py for tasks to queue
[2026-06-29T22:21:14.792+0000] {logging_mixin.py:190} INFO - [2026-06-29T22:21:14.791+0000] {dagbag.py:588} INFO - Filling up the DagBag from /opt/airflow/dags/dag_orden_ventas_latam.py
[2026-06-29T22:21:14.852+0000] {processor.py:925} INFO - DAG(s) 'pipeline_beam_airflow' retrieved from /opt/airflow/dags/dag_orden_ventas_latam.py
[2026-06-29T22:21:14.901+0000] {logging_mixin.py:190} INFO - [2026-06-29T22:21:14.901+0000] {dag.py:3239} INFO - Sync 1 DAGs
[2026-06-29T22:21:14.961+0000] {logging_mixin.py:190} INFO - [2026-06-29T22:21:14.961+0000] {dag.py:4180} INFO - Setting next_dagrun for pipeline_beam_airflow to 2026-06-29 00:00:00+00:00, run_after=2026-06-30 00:00:00+00:00
[2026-06-29T22:21:15.010+0000] {processor.py:208} INFO - Processing /opt/airflow/dags/dag_orden_ventas_latam.py took 0.238 seconds
[2026-06-29T22:21:45.214+0000] {processor.py:186} INFO - Started process (PID=1723) to work on /opt/airflow/dags/dag_orden_ventas_latam.py
[2026-06-29T22:21:45.216+0000] {processor.py:914} INFO - Processing file /opt/airflow/dags/dag_orden_ventas_latam.py for tasks to queue
[2026-06-29T22:21:45.220+0000] {logging_mixin.py:190} INFO - [2026-06-29T22:21:45.220+0000] {dagbag.py:588} INFO - Filling up the DagBag from /opt/airflow/dags/dag_orden_ventas_latam.py
[2026-06-29T22:21:45.255+0000] {processor.py:925} INFO - DAG(s) 'pipeline_beam_airflow' retrieved from /opt/airflow/dags/dag_orden_ventas_latam.py
[2026-06-29T22:21:45.289+0000] {logging_mixin.py:190} INFO - [2026-06-29T22:21:45.288+0000] {dag.py:3239} INFO - Sync 1 DAGs
[2026-06-29T22:21:45.328+0000] {logging_mixin.py:190} INFO - [2026-06-29T22:21:45.328+0000] {dag.py:4180} INFO - Setting next_dagrun for pipeline_beam_airflow to 2026-06-29 00:00:00+00:00, run_after=2026-06-30 00:00:00+00:00
[2026-06-29T22:21:45.367+0000] {processor.py:208} INFO - Processing /opt/airflow/dags/dag_orden_ventas_latam.py took 0.161 seconds
[2026-06-29T22:22:15.907+0000] {processor.py:186} INFO - Started process (PID=1785) to work on /opt/airflow/dags/dag_orden_ventas_latam.py
[2026-06-29T22:22:15.910+0000] {processor.py:914} INFO - Processing file /opt/airflow/dags/dag_orden_ventas_latam.py for tasks to queue
[2026-06-29T22:22:15.914+0000] {logging_mixin.py:190} INFO - [2026-06-29T22:22:15.913+0000] {dagbag.py:588} INFO - Filling up the DagBag from /opt/airflow/dags/dag_orden_ventas_latam.py
[2026-06-29T22:22:15.952+0000] {processor.py:925} INFO - DAG(s) 'pipeline_beam_airflow' retrieved from /opt/airflow/dags/dag_orden_ventas_latam.py
[2026-06-29T22:22:15.975+0000] {logging_mixin.py:190} INFO - [2026-06-29T22:22:15.975+0000] {dag.py:3239} INFO - Sync 1 DAGs
[2026-06-29T22:22:15.999+0000] {logging_mixin.py:190} INFO - [2026-06-29T22:22:15.999+0000] {dag.py:4180} INFO - Setting next_dagrun for pipeline_beam_airflow to 2026-06-29 00:00:00+00:00, run_after=2026-06-30 00:00:00+00:00
[2026-06-29T22:22:16.022+0000] {processor.py:208} INFO - Processing /opt/airflow/dags/dag_orden_ventas_latam.py took 0.123 seconds
[2026-06-29T22:22:46.307+0000] {processor.py:186} INFO - Started process (PID=1850) to work on /opt/airflow/dags/dag_orden_ventas_latam.py
[2026-06-29T22:22:46.309+0000] {processor.py:914} INFO - Processing file /opt/airflow/dags/dag_orden_ventas_latam.py for tasks to queue
[2026-06-29T22:22:46.314+0000] {logging_mixin.py:190} INFO - [2026-06-29T22:22:46.313+0000] {dagbag.py:588} INFO - Filling up the DagBag from /opt/airflow/dags/dag_orden_ventas_latam.py
[2026-06-29T22:22:46.349+0000] {processor.py:925} INFO - DAG(s) 'pipeline_beam_airflow' retrieved from /opt/airflow/dags/dag_orden_ventas_latam.py
[2026-06-29T22:22:46.375+0000] {logging_mixin.py:190} INFO - [2026-06-29T22:22:46.375+0000] {dag.py:3239} INFO - Sync 1 DAGs
[2026-06-29T22:22:46.406+0000] {logging_mixin.py:190} INFO - [2026-06-29T22:22:46.405+0000] {dag.py:4180} INFO - Setting next_dagrun for pipeline_beam_airflow to 2026-06-29 00:00:00+00:00, run_after=2026-06-30 00:00:00+00:00
[2026-06-29T22:22:46.430+0000] {processor.py:208} INFO - Processing /opt/airflow/dags/dag_orden_ventas_latam.py took 0.132 seconds
[2026-06-29T22:23:17.324+0000] {processor.py:186} INFO - Started process (PID=1913) to work on /opt/airflow/dags/dag_orden_ventas_latam.py
[2026-06-29T22:23:17.326+0000] {processor.py:914} INFO - Processing file /opt/airflow/dags/dag_orden_ventas_latam.py for tasks to queue
[2026-06-29T22:23:17.330+0000] {logging_mixin.py:190} INFO - [2026-06-29T22:23:17.330+0000] {dagbag.py:588} INFO - Filling up the DagBag from /opt/airflow/dags/dag_orden_ventas_latam.py
[2026-06-29T22:23:17.368+0000] {processor.py:925} INFO - DAG(s) 'pipeline_beam_airflow' retrieved from /opt/airflow/dags/dag_orden_ventas_latam.py
[2026-06-29T22:23:17.392+0000] {logging_mixin.py:190} INFO - [2026-06-29T22:23:17.392+0000] {dag.py:3239} INFO - Sync 1 DAGs
[2026-06-29T22:23:17.428+0000] {logging_mixin.py:190} INFO - [2026-06-29T22:23:17.427+0000] {dag.py:4180} INFO - Setting next_dagrun for pipeline_beam_airflow to 2026-06-29 00:00:00+00:00, run_after=2026-06-30 00:00:00+00:00
[2026-06-29T22:23:17.486+0000] {processor.py:208} INFO - Processing /opt/airflow/dags/dag_orden_ventas_latam.py took 0.173 seconds
[2026-06-29T22:23:47.665+0000] {processor.py:186} INFO - Started process (PID=1977) to work on /opt/airflow/dags/dag_orden_ventas_latam.py
[2026-06-29T22:23:47.667+0000] {processor.py:914} INFO - Processing file /opt/airflow/dags/dag_orden_ventas_latam.py for tasks to queue
[2026-06-29T22:23:47.672+0000] {logging_mixin.py:190} INFO - [2026-06-29T22:23:47.671+0000] {dagbag.py:588} INFO - Filling up the DagBag from /opt/airflow/dags/dag_orden_ventas_latam.py
[2026-06-29T22:23:47.712+0000] {processor.py:925} INFO - DAG(s) 'pipeline_beam_airflow' retrieved from /opt/airflow/dags/dag_orden_ventas_latam.py
[2026-06-29T22:23:47.733+0000] {logging_mixin.py:190} INFO - [2026-06-29T22:23:47.733+0000] {dag.py:3239} INFO - Sync 1 DAGs
[2026-06-29T22:23:47.761+0000] {logging_mixin.py:190} INFO - [2026-06-29T22:23:47.761+0000] {dag.py:4180} INFO - Setting next_dagrun for pipeline_beam_airflow to 2026-06-29 00:00:00+00:00, run_after=2026-06-30 00:00:00+00:00
[2026-06-29T22:23:47.783+0000] {processor.py:208} INFO - Processing /opt/airflow/dags/dag_orden_ventas_latam.py took 0.128 seconds
[2026-06-29T22:24:17.912+0000] {processor.py:186} INFO - Started process (PID=2041) to work on /opt/airflow/dags/dag_orden_ventas_latam.py
[2026-06-29T22:24:17.914+0000] {processor.py:914} INFO - Processing file /opt/airflow/dags/dag_orden_ventas_latam.py for tasks to queue
[2026-06-29T22:24:17.918+0000] {logging_mixin.py:190} INFO - [2026-06-29T22:24:17.917+0000] {dagbag.py:588} INFO - Filling up the DagBag from /opt/airflow/dags/dag_orden_ventas_latam.py
[2026-06-29T22:24:17.955+0000] {processor.py:925} INFO - DAG(s) 'pipeline_beam_airflow' retrieved from /opt/airflow/dags/dag_orden_ventas_latam.py
[2026-06-29T22:24:17.983+0000] {logging_mixin.py:190} INFO - [2026-06-29T22:24:17.983+0000] {dag.py:3239} INFO - Sync 1 DAGs
[2026-06-29T22:24:18.017+0000] {logging_mixin.py:190} INFO - [2026-06-29T22:24:18.017+0000] {dag.py:4180} INFO - Setting next_dagrun for pipeline_beam_airflow to 2026-06-29 00:00:00+00:00, run_after=2026-06-30 00:00:00+00:00
[2026-06-29T22:24:18.044+0000] {processor.py:208} INFO - Processing /opt/airflow/dags/dag_orden_ventas_latam.py took 0.138 seconds
[2026-06-29T22:24:48.172+0000] {processor.py:186} INFO - Started process (PID=2105) to work on /opt/airflow/dags/dag_orden_ventas_latam.py
[2026-06-29T22:24:48.174+0000] {processor.py:914} INFO - Processing file /opt/airflow/dags/dag_orden_ventas_latam.py for tasks to queue
[2026-06-29T22:24:48.178+0000] {logging_mixin.py:190} INFO - [2026-06-29T22:24:48.178+0000] {dagbag.py:588} INFO - Filling up the DagBag from /opt/airflow/dags/dag_orden_ventas_latam.py
[2026-06-29T22:24:48.218+0000] {processor.py:925} INFO - DAG(s) 'pipeline_beam_airflow' retrieved from /opt/airflow/dags/dag_orden_ventas_latam.py
[2026-06-29T22:24:48.244+0000] {logging_mixin.py:190} INFO - [2026-06-29T22:24:48.244+0000] {dag.py:3239} INFO - Sync 1 DAGs
[2026-06-29T22:24:48.272+0000] {logging_mixin.py:190} INFO - [2026-06-29T22:24:48.272+0000] {dag.py:4180} INFO - Setting next_dagrun for pipeline_beam_airflow to 2026-06-29 00:00:00+00:00, run_after=2026-06-30 00:00:00+00:00
[2026-06-29T22:24:48.296+0000] {processor.py:208} INFO - Processing /opt/airflow/dags/dag_orden_ventas_latam.py took 0.137 seconds
[2026-06-29T22:25:18.929+0000] {processor.py:186} INFO - Started process (PID=2169) to work on /opt/airflow/dags/dag_orden_ventas_latam.py
[2026-06-29T22:25:18.931+0000] {processor.py:914} INFO - Processing file /opt/airflow/dags/dag_orden_ventas_latam.py for tasks to queue
[2026-06-29T22:25:18.935+0000] {logging_mixin.py:190} INFO - [2026-06-29T22:25:18.935+0000] {dagbag.py:588} INFO - Filling up the DagBag from /opt/airflow/dags/dag_orden_ventas_latam.py
[2026-06-29T22:25:18.974+0000] {processor.py:925} INFO - DAG(s) 'pipeline_beam_airflow' retrieved from /opt/airflow/dags/dag_orden_ventas_latam.py
[2026-06-29T22:25:18.997+0000] {logging_mixin.py:190} INFO - [2026-06-29T22:25:18.996+0000] {dag.py:3239} INFO - Sync 1 DAGs
[2026-06-29T22:25:19.025+0000] {logging_mixin.py:190} INFO - [2026-06-29T22:25:19.025+0000] {dag.py:4180} INFO - Setting next_dagrun for pipeline_beam_airflow to 2026-06-29 00:00:00+00:00, run_after=2026-06-30 00:00:00+00:00
[2026-06-29T22:25:19.051+0000] {processor.py:208} INFO - Processing /opt/airflow/dags/dag_orden_ventas_latam.py took 0.131 seconds
[2026-06-29T22:25:49.354+0000] {processor.py:186} INFO - Started process (PID=2233) to work on /opt/airflow/dags/dag_orden_ventas_latam.py
[2026-06-29T22:25:49.356+0000] {processor.py:914} INFO - Processing file /opt/airflow/dags/dag_orden_ventas_latam.py for tasks to queue
[2026-06-29T22:25:49.360+0000] {logging_mixin.py:190} INFO - [2026-06-29T22:25:49.360+0000] {dagbag.py:588} INFO - Filling up the DagBag from /opt/airflow/dags/dag_orden_ventas_latam.py
[2026-06-29T22:25:49.405+0000] {processor.py:925} INFO - DAG(s) 'pipeline_beam_airflow' retrieved from /opt/airflow/dags/dag_orden_ventas_latam.py
[2026-06-29T22:25:49.428+0000] {logging_mixin.py:190} INFO - [2026-06-29T22:25:49.428+0000] {dag.py:3239} INFO - Sync 1 DAGs
[2026-06-29T22:25:49.453+0000] {logging_mixin.py:190} INFO - [2026-06-29T22:25:49.453+0000] {dag.py:4180} INFO - Setting next_dagrun for pipeline_beam_airflow to 2026-06-29 00:00:00+00:00, run_after=2026-06-30 00:00:00+00:00
[2026-06-29T22:25:49.476+0000] {processor.py:208} INFO - Processing /opt/airflow/dags/dag_orden_ventas_latam.py took 0.132 seconds
[2026-06-29T22:26:19.684+0000] {processor.py:186} INFO - Started process (PID=2296) to work on /opt/airflow/dags/dag_orden_ventas_latam.py
[2026-06-29T22:26:19.687+0000] {processor.py:914} INFO - Processing file /opt/airflow/dags/dag_orden_ventas_latam.py for tasks to queue
[2026-06-29T22:26:19.692+0000] {logging_mixin.py:190} INFO - [2026-06-29T22:26:19.691+0000] {dagbag.py:588} INFO - Filling up the DagBag from /opt/airflow/dags/dag_orden_ventas_latam.py
[2026-06-29T22:26:19.735+0000] {processor.py:925} INFO - DAG(s) 'pipeline_beam_airflow' retrieved from /opt/airflow/dags/dag_orden_ventas_latam.py
[2026-06-29T22:26:19.769+0000] {logging_mixin.py:190} INFO - [2026-06-29T22:26:19.769+0000] {dag.py:3239} INFO - Sync 1 DAGs
[2026-06-29T22:26:19.799+0000] {logging_mixin.py:190} INFO - [2026-06-29T22:26:19.798+0000] {dag.py:4180} INFO - Setting next_dagrun for pipeline_beam_airflow to 2026-06-29 00:00:00+00:00, run_after=2026-06-30 00:00:00+00:00
[2026-06-29T22:26:19.823+0000] {processor.py:208} INFO - Processing /opt/airflow/dags/dag_orden_ventas_latam.py took 0.149 seconds
[2026-06-29T22:26:49.902+0000] {processor.py:186} INFO - Started process (PID=2360) to work on /opt/airflow/dags/dag_orden_ventas_latam.py
[2026-06-29T22:26:49.903+0000] {processor.py:914} INFO - Processing file /opt/airflow/dags/dag_orden_ventas_latam.py for tasks to queue
[2026-06-29T22:26:49.906+0000] {logging_mixin.py:190} INFO - [2026-06-29T22:26:49.906+0000] {dagbag.py:588} INFO - Filling up the DagBag from /opt/airflow/dags/dag_orden_ventas_latam.py
[2026-06-29T22:26:49.944+0000] {processor.py:925} INFO - DAG(s) 'pipeline_beam_airflow' retrieved from /opt/airflow/dags/dag_orden_ventas_latam.py
[2026-06-29T22:26:49.968+0000] {logging_mixin.py:190} INFO - [2026-06-29T22:26:49.968+0000] {dag.py:3239} INFO - Sync 1 DAGs
[2026-06-29T22:26:49.996+0000] {logging_mixin.py:190} INFO - [2026-06-29T22:26:49.995+0000] {dag.py:4180} INFO - Setting next_dagrun for pipeline_beam_airflow to 2026-06-29 00:00:00+00:00, run_after=2026-06-30 00:00:00+00:00
[2026-06-29T22:26:50.023+0000] {processor.py:208} INFO - Processing /opt/airflow/dags/dag_orden_ventas_latam.py took 0.128 seconds
[2026-06-29T22:27:20.304+0000] {processor.py:186} INFO - Started process (PID=2424) to work on /opt/airflow/dags/dag_orden_ventas_latam.py
[2026-06-29T22:27:20.305+0000] {processor.py:914} INFO - Processing file /opt/airflow/dags/dag_orden_ventas_latam.py for tasks to queue
[2026-06-29T22:27:20.310+0000] {logging_mixin.py:190} INFO - [2026-06-29T22:27:20.309+0000] {dagbag.py:588} INFO - Filling up the DagBag from /opt/airflow/dags/dag_orden_ventas_latam.py
[2026-06-29T22:27:20.351+0000] {processor.py:925} INFO - DAG(s) 'pipeline_beam_airflow' retrieved from /opt/airflow/dags/dag_orden_ventas_latam.py
[2026-06-29T22:27:20.375+0000] {logging_mixin.py:190} INFO - [2026-06-29T22:27:20.375+0000] {dag.py:3239} INFO - Sync 1 DAGs
[2026-06-29T22:27:20.401+0000] {logging_mixin.py:190} INFO - [2026-06-29T22:27:20.401+0000] {dag.py:4180} INFO - Setting next_dagrun for pipeline_beam_airflow to 2026-06-29 00:00:00+00:00, run_after=2026-06-30 00:00:00+00:00
[2026-06-29T22:27:20.424+0000] {processor.py:208} INFO - Processing /opt/airflow/dags/dag_orden_ventas_latam.py took 0.126 seconds
[2026-06-29T22:27:50.901+0000] {processor.py:186} INFO - Started process (PID=2487) to work on /opt/airflow/dags/dag_orden_ventas_latam.py
[2026-06-29T22:27:50.902+0000] {processor.py:914} INFO - Processing file /opt/airflow/dags/dag_orden_ventas_latam.py for tasks to queue
[2026-06-29T22:27:50.905+0000] {logging_mixin.py:190} INFO - [2026-06-29T22:27:50.905+0000] {dagbag.py:588} INFO - Filling up the DagBag from /opt/airflow/dags/dag_orden_ventas_latam.py
[2026-06-29T22:27:50.938+0000] {processor.py:925} INFO - DAG(s) 'pipeline_beam_airflow' retrieved from /opt/airflow/dags/dag_orden_ventas_latam.py
[2026-06-29T22:27:50.962+0000] {logging_mixin.py:190} INFO - [2026-06-29T22:27:50.961+0000] {dag.py:3239} INFO - Sync 1 DAGs
[2026-06-29T22:27:50.987+0000] {logging_mixin.py:190} INFO - [2026-06-29T22:27:50.986+0000] {dag.py:4180} INFO - Setting next_dagrun for pipeline_beam_airflow to 2026-06-29 00:00:00+00:00, run_after=2026-06-30 00:00:00+00:00
[2026-06-29T22:27:51.015+0000] {processor.py:208} INFO - Processing /opt/airflow/dags/dag_orden_ventas_latam.py took 0.121 seconds
[2026-06-29T22:28:21.984+0000] {processor.py:186} INFO - Started process (PID=2551) to work on /opt/airflow/dags/dag_orden_ventas_latam.py
[2026-06-29T22:28:21.986+0000] {processor.py:914} INFO - Processing file /opt/airflow/dags/dag_orden_ventas_latam.py for tasks to queue
[2026-06-29T22:28:21.990+0000] {logging_mixin.py:190} INFO - [2026-06-29T22:28:21.989+0000] {dagbag.py:588} INFO - Filling up the DagBag from /opt/airflow/dags/dag_orden_ventas_latam.py
[2026-06-29T22:28:22.038+0000] {processor.py:925} INFO - DAG(s) 'pipeline_beam_airflow' retrieved from /opt/airflow/dags/dag_orden_ventas_latam.py
[2026-06-29T22:28:22.061+0000] {logging_mixin.py:190} INFO - [2026-06-29T22:28:22.060+0000] {dag.py:3239} INFO - Sync 1 DAGs
[2026-06-29T22:28:22.086+0000] {logging_mixin.py:190} INFO - [2026-06-29T22:28:22.086+0000] {dag.py:4180} INFO - Setting next_dagrun for pipeline_beam_airflow to 2026-06-29 00:00:00+00:00, run_after=2026-06-30 00:00:00+00:00
[2026-06-29T22:28:22.113+0000] {processor.py:208} INFO - Processing /opt/airflow/dags/dag_orden_ventas_latam.py took 0.135 seconds
[2026-06-29T22:28:52.651+0000] {processor.py:186} INFO - Started process (PID=2615) to work on /opt/airflow/dags/dag_orden_ventas_latam.py
[2026-06-29T22:28:52.654+0000] {processor.py:914} INFO - Processing file /opt/airflow/dags/dag_orden_ventas_latam.py for tasks to queue
[2026-06-29T22:28:52.662+0000] {logging_mixin.py:190} INFO - [2026-06-29T22:28:52.661+0000] {dagbag.py:588} INFO - Filling up the DagBag from /opt/airflow/dags/dag_orden_ventas_latam.py
[2026-06-29T22:28:52.735+0000] {processor.py:925} INFO - DAG(s) 'pipeline_beam_airflow' retrieved from /opt/airflow/dags/dag_orden_ventas_latam.py
[2026-06-29T22:28:52.796+0000] {logging_mixin.py:190} INFO - [2026-06-29T22:28:52.796+0000] {dag.py:3239} INFO - Sync 1 DAGs
[2026-06-29T22:28:52.887+0000] {logging_mixin.py:190} INFO - [2026-06-29T22:28:52.886+0000] {dag.py:4180} INFO - Setting next_dagrun for pipeline_beam_airflow to 2026-06-29 00:00:00+00:00, run_after=2026-06-30 00:00:00+00:00
[2026-06-29T22:28:52.949+0000] {processor.py:208} INFO - Processing /opt/airflow/dags/dag_orden_ventas_latam.py took 0.310 seconds
[2026-06-29T22:29:23.091+0000] {processor.py:186} INFO - Started process (PID=2680) to work on /opt/airflow/dags/dag_orden_ventas_latam.py
[2026-06-29T22:29:23.095+0000] {processor.py:914} INFO - Processing file /opt/airflow/dags/dag_orden_ventas_latam.py for tasks to queue
[2026-06-29T22:29:23.104+0000] {logging_mixin.py:190} INFO - [2026-06-29T22:29:23.102+0000] {dagbag.py:588} INFO - Filling up the DagBag from /opt/airflow/dags/dag_orden_ventas_latam.py
[2026-06-29T22:29:23.180+0000] {processor.py:925} INFO - DAG(s) 'pipeline_beam_airflow' retrieved from /opt/airflow/dags/dag_orden_ventas_latam.py
[2026-06-29T22:29:23.259+0000] {logging_mixin.py:190} INFO - [2026-06-29T22:29:23.258+0000] {dag.py:3239} INFO - Sync 1 DAGs
[2026-06-29T22:29:23.345+0000] {logging_mixin.py:190} INFO - [2026-06-29T22:29:23.345+0000] {dag.py:4180} INFO - Setting next_dagrun for pipeline_beam_airflow to 2026-06-29 00:00:00+00:00, run_after=2026-06-30 00:00:00+00:00
[2026-06-29T22:29:23.408+0000] {processor.py:208} INFO - Processing /opt/airflow/dags/dag_orden_ventas_latam.py took 0.340 seconds
[2026-06-29T22:29:53.756+0000] {processor.py:186} INFO - Started process (PID=2744) to work on /opt/airflow/dags/dag_orden_ventas_latam.py
[2026-06-29T22:29:53.760+0000] {processor.py:914} INFO - Processing file /opt/airflow/dags/dag_orden_ventas_latam.py for tasks to queue
[2026-06-29T22:29:53.771+0000] {logging_mixin.py:190} INFO - [2026-06-29T22:29:53.770+0000] {dagbag.py:588} INFO - Filling up the DagBag from /opt/airflow/dags/dag_orden_ventas_latam.py
[2026-06-29T22:29:53.948+0000] {processor.py:925} INFO - DAG(s) 'pipeline_beam_airflow' retrieved from /opt/airflow/dags/dag_orden_ventas_latam.py
[2026-06-29T22:29:54.025+0000] {logging_mixin.py:190} INFO - [2026-06-29T22:29:54.024+0000] {dag.py:3239} INFO - Sync 1 DAGs
[2026-06-29T22:29:54.116+0000] {logging_mixin.py:190} INFO - [2026-06-29T22:29:54.115+0000] {dag.py:4180} INFO - Setting next_dagrun for pipeline_beam_airflow to 2026-06-29 00:00:00+00:00, run_after=2026-06-30 00:00:00+00:00
[2026-06-29T22:29:54.215+0000] {processor.py:208} INFO - Processing /opt/airflow/dags/dag_orden_ventas_latam.py took 0.478 seconds
[2026-06-29T22:30:24.383+0000] {processor.py:186} INFO - Started process (PID=2808) to work on /opt/airflow/dags/dag_orden_ventas_latam.py
[2026-06-29T22:30:24.385+0000] {processor.py:914} INFO - Processing file /opt/airflow/dags/dag_orden_ventas_latam.py for tasks to queue
[2026-06-29T22:30:24.389+0000] {logging_mixin.py:190} INFO - [2026-06-29T22:30:24.388+0000] {dagbag.py:588} INFO - Filling up the DagBag from /opt/airflow/dags/dag_orden_ventas_latam.py
[2026-06-29T22:30:24.427+0000] {processor.py:925} INFO - DAG(s) 'pipeline_beam_airflow' retrieved from /opt/airflow/dags/dag_orden_ventas_latam.py
[2026-06-29T22:30:24.460+0000] {logging_mixin.py:190} INFO - [2026-06-29T22:30:24.460+0000] {dag.py:3239} INFO - Sync 1 DAGs
[2026-06-29T22:30:24.503+0000] {logging_mixin.py:190} INFO - [2026-06-29T22:30:24.502+0000] {dag.py:4180} INFO - Setting next_dagrun for pipeline_beam_airflow to 2026-06-29 00:00:00+00:00, run_after=2026-06-30 00:00:00+00:00
[2026-06-29T22:30:24.548+0000] {processor.py:208} INFO - Processing /opt/airflow/dags/dag_orden_ventas_latam.py took 0.174 seconds
[2026-06-29T22:30:56.050+0000] {processor.py:186} INFO - Started process (PID=2871) to work on /opt/airflow/dags/dag_orden_ventas_latam.py
[2026-06-29T22:30:56.053+0000] {processor.py:914} INFO - Processing file /opt/airflow/dags/dag_orden_ventas_latam.py for tasks to queue
[2026-06-29T22:30:56.061+0000] {logging_mixin.py:190} INFO - [2026-06-29T22:30:56.060+0000] {dagbag.py:588} INFO - Filling up the DagBag from /opt/airflow/dags/dag_orden_ventas_latam.py
[2026-06-29T22:30:56.124+0000] {processor.py:925} INFO - DAG(s) 'pipeline_beam_airflow' retrieved from /opt/airflow/dags/dag_orden_ventas_latam.py
[2026-06-29T22:30:56.173+0000] {logging_mixin.py:190} INFO - [2026-06-29T22:30:56.172+0000] {dag.py:3239} INFO - Sync 1 DAGs
[2026-06-29T22:30:56.237+0000] {logging_mixin.py:190} INFO - [2026-06-29T22:30:56.237+0000] {dag.py:4180} INFO - Setting next_dagrun for pipeline_beam_airflow to 2026-06-29 00:00:00+00:00, run_after=2026-06-30 00:00:00+00:00
[2026-06-29T22:30:56.302+0000] {processor.py:208} INFO - Processing /opt/airflow/dags/dag_orden_ventas_latam.py took 0.265 seconds
[2026-06-29T22:31:26.598+0000] {processor.py:186} INFO - Started process (PID=2940) to work on /opt/airflow/dags/dag_orden_ventas_latam.py
[2026-06-29T22:31:26.600+0000] {processor.py:914} INFO - Processing file /opt/airflow/dags/dag_orden_ventas_latam.py for tasks to queue
[2026-06-29T22:31:26.606+0000] {logging_mixin.py:190} INFO - [2026-06-29T22:31:26.605+0000] {dagbag.py:588} INFO - Filling up the DagBag from /opt/airflow/dags/dag_orden_ventas_latam.py
[2026-06-29T22:31:26.641+0000] {processor.py:925} INFO - DAG(s) 'pipeline_beam_airflow' retrieved from /opt/airflow/dags/dag_orden_ventas_latam.py
[2026-06-29T22:31:26.670+0000] {logging_mixin.py:190} INFO - [2026-06-29T22:31:26.669+0000] {dag.py:3239} INFO - Sync 1 DAGs
[2026-06-29T22:31:26.702+0000] {logging_mixin.py:190} INFO - [2026-06-29T22:31:26.702+0000] {dag.py:4180} INFO - Setting next_dagrun for pipeline_beam_airflow to 2026-06-29 00:00:00+00:00, run_after=2026-06-30 00:00:00+00:00
[2026-06-29T22:31:26.729+0000] {processor.py:208} INFO - Processing /opt/airflow/dags/dag_orden_ventas_latam.py took 0.139 seconds
[2026-06-29T22:31:57.314+0000] {processor.py:186} INFO - Started process (PID=3038) to work on /opt/airflow/dags/dag_orden_ventas_latam.py
[2026-06-29T22:31:57.316+0000] {processor.py:914} INFO - Processing file /opt/airflow/dags/dag_orden_ventas_latam.py for tasks to queue
[2026-06-29T22:31:57.320+0000] {logging_mixin.py:190} INFO - [2026-06-29T22:31:57.319+0000] {dagbag.py:588} INFO - Filling up the DagBag from /opt/airflow/dags/dag_orden_ventas_latam.py
[2026-06-29T22:31:57.371+0000] {processor.py:925} INFO - DAG(s) 'pipeline_beam_airflow' retrieved from /opt/airflow/dags/dag_orden_ventas_latam.py
[2026-06-29T22:31:57.420+0000] {logging_mixin.py:190} INFO - [2026-06-29T22:31:57.420+0000] {dag.py:3239} INFO - Sync 1 DAGs
[2026-06-29T22:31:57.460+0000] {logging_mixin.py:190} INFO - [2026-06-29T22:31:57.459+0000] {dag.py:4180} INFO - Setting next_dagrun for pipeline_beam_airflow to 2026-06-29 00:00:00+00:00, run_after=2026-06-30 00:00:00+00:00
[2026-06-29T22:31:57.514+0000] {processor.py:208} INFO - Processing /opt/airflow/dags/dag_orden_ventas_latam.py took 0.210 seconds
[2026-06-29T22:32:28.017+0000] {processor.py:186} INFO - Started process (PID=3144) to work on /opt/airflow/dags/dag_orden_ventas_latam.py
[2026-06-29T22:32:28.021+0000] {processor.py:914} INFO - Processing file /opt/airflow/dags/dag_orden_ventas_latam.py for tasks to queue
[2026-06-29T22:32:28.039+0000] {logging_mixin.py:190} INFO - [2026-06-29T22:32:28.037+0000] {dagbag.py:588} INFO - Filling up the DagBag from /opt/airflow/dags/dag_orden_ventas_latam.py
[2026-06-29T22:32:28.132+0000] {processor.py:925} INFO - DAG(s) 'pipeline_beam_airflow' retrieved from /opt/airflow/dags/dag_orden_ventas_latam.py
[2026-06-29T22:32:28.202+0000] {logging_mixin.py:190} INFO - [2026-06-29T22:32:28.201+0000] {dag.py:3239} INFO - Sync 1 DAGs
[2026-06-29T22:32:28.286+0000] {logging_mixin.py:190} INFO - [2026-06-29T22:32:28.285+0000] {dag.py:4180} INFO - Setting next_dagrun for pipeline_beam_airflow to 2026-06-29 00:00:00+00:00, run_after=2026-06-30 00:00:00+00:00
[2026-06-29T22:32:28.372+0000] {processor.py:208} INFO - Processing /opt/airflow/dags/dag_orden_ventas_latam.py took 0.369 seconds
[2026-06-29T22:32:58.664+0000] {processor.py:186} INFO - Started process (PID=3239) to work on /opt/airflow/dags/dag_orden_ventas_latam.py
[2026-06-29T22:32:58.666+0000] {processor.py:914} INFO - Processing file /opt/airflow/dags/dag_orden_ventas_latam.py for tasks to queue
[2026-06-29T22:32:58.672+0000] {logging_mixin.py:190} INFO - [2026-06-29T22:32:58.671+0000] {dagbag.py:588} INFO - Filling up the DagBag from /opt/airflow/dags/dag_orden_ventas_latam.py
[2026-06-29T22:32:58.725+0000] {processor.py:925} INFO - DAG(s) 'pipeline_beam_airflow' retrieved from /opt/airflow/dags/dag_orden_ventas_latam.py
[2026-06-29T22:32:58.759+0000] {logging_mixin.py:190} INFO - [2026-06-29T22:32:58.759+0000] {dag.py:3239} INFO - Sync 1 DAGs
[2026-06-29T22:32:58.818+0000] {logging_mixin.py:190} INFO - [2026-06-29T22:32:58.817+0000] {dag.py:4180} INFO - Setting next_dagrun for pipeline_beam_airflow to 2026-06-29 00:00:00+00:00, run_after=2026-06-30 00:00:00+00:00
[2026-06-29T22:32:58.864+0000] {processor.py:208} INFO - Processing /opt/airflow/dags/dag_orden_ventas_latam.py took 0.219 seconds
[2026-06-29T22:33:29.639+0000] {processor.py:186} INFO - Started process (PID=3303) to work on /opt/airflow/dags/dag_orden_ventas_latam.py
[2026-06-29T22:33:29.642+0000] {processor.py:914} INFO - Processing file /opt/airflow/dags/dag_orden_ventas_latam.py for tasks to queue
[2026-06-29T22:33:29.645+0000] {logging_mixin.py:190} INFO - [2026-06-29T22:33:29.644+0000] {dagbag.py:588} INFO - Filling up the DagBag from /opt/airflow/dags/dag_orden_ventas_latam.py
[2026-06-29T22:33:29.698+0000] {processor.py:925} INFO - DAG(s) 'pipeline_beam_airflow' retrieved from /opt/airflow/dags/dag_orden_ventas_latam.py
[2026-06-29T22:33:29.747+0000] {logging_mixin.py:190} INFO - [2026-06-29T22:33:29.746+0000] {dag.py:3239} INFO - Sync 1 DAGs
[2026-06-29T22:33:29.823+0000] {logging_mixin.py:190} INFO - [2026-06-29T22:33:29.822+0000] {dag.py:4180} INFO - Setting next_dagrun for pipeline_beam_airflow to 2026-06-29 00:00:00+00:00, run_after=2026-06-30 00:00:00+00:00
[2026-06-29T22:33:29.875+0000] {processor.py:208} INFO - Processing /opt/airflow/dags/dag_orden_ventas_latam.py took 0.248 seconds
[2026-06-29T22:34:00.056+0000] {processor.py:186} INFO - Started process (PID=3367) to work on /opt/airflow/dags/dag_orden_ventas_latam.py
[2026-06-29T22:34:00.058+0000] {processor.py:914} INFO - Processing file /opt/airflow/dags/dag_orden_ventas_latam.py for tasks to queue
[2026-06-29T22:34:00.061+0000] {logging_mixin.py:190} INFO - [2026-06-29T22:34:00.061+0000] {dagbag.py:588} INFO - Filling up the DagBag from /opt/airflow/dags/dag_orden_ventas_latam.py
[2026-06-29T22:34:00.108+0000] {processor.py:925} INFO - DAG(s) 'pipeline_beam_airflow' retrieved from /opt/airflow/dags/dag_orden_ventas_latam.py
[2026-06-29T22:34:00.136+0000] {logging_mixin.py:190} INFO - [2026-06-29T22:34:00.136+0000] {dag.py:3239} INFO - Sync 1 DAGs
[2026-06-29T22:34:00.163+0000] {logging_mixin.py:190} INFO - [2026-06-29T22:34:00.163+0000] {dag.py:4180} INFO - Setting next_dagrun for pipeline_beam_airflow to 2026-06-29 00:00:00+00:00, run_after=2026-06-30 00:00:00+00:00
[2026-06-29T22:34:00.187+0000] {processor.py:208} INFO - Processing /opt/airflow/dags/dag_orden_ventas_latam.py took 0.145 seconds
[2026-06-29T22:34:30.976+0000] {processor.py:186} INFO - Started process (PID=3431) to work on /opt/airflow/dags/dag_orden_ventas_latam.py
[2026-06-29T22:34:30.978+0000] {processor.py:914} INFO - Processing file /opt/airflow/dags/dag_orden_ventas_latam.py for tasks to queue
[2026-06-29T22:34:30.981+0000] {logging_mixin.py:190} INFO - [2026-06-29T22:34:30.981+0000] {dagbag.py:588} INFO - Filling up the DagBag from /opt/airflow/dags/dag_orden_ventas_latam.py
[2026-06-29T22:34:31.027+0000] {processor.py:925} INFO - DAG(s) 'pipeline_beam_airflow' retrieved from /opt/airflow/dags/dag_orden_ventas_latam.py
[2026-06-29T22:34:31.063+0000] {logging_mixin.py:190} INFO - [2026-06-29T22:34:31.063+0000] {dag.py:3239} INFO - Sync 1 DAGs
[2026-06-29T22:34:31.111+0000] {logging_mixin.py:190} INFO - [2026-06-29T22:34:31.111+0000] {dag.py:4180} INFO - Setting next_dagrun for pipeline_beam_airflow to 2026-06-29 00:00:00+00:00, run_after=2026-06-30 00:00:00+00:00
[2026-06-29T22:34:31.155+0000] {processor.py:208} INFO - Processing /opt/airflow/dags/dag_orden_ventas_latam.py took 0.190 seconds
[2026-06-29T22:35:01.684+0000] {processor.py:186} INFO - Started process (PID=3495) to work on /opt/airflow/dags/dag_orden_ventas_latam.py
[2026-06-29T22:35:01.687+0000] {processor.py:914} INFO - Processing file /opt/airflow/dags/dag_orden_ventas_latam.py for tasks to queue
[2026-06-29T22:35:01.692+0000] {logging_mixin.py:190} INFO - [2026-06-29T22:35:01.691+0000] {dagbag.py:588} INFO - Filling up the DagBag from /opt/airflow/dags/dag_orden_ventas_latam.py
[2026-06-29T22:35:01.741+0000] {processor.py:925} INFO - DAG(s) 'pipeline_beam_airflow' retrieved from /opt/airflow/dags/dag_orden_ventas_latam.py
[2026-06-29T22:35:01.785+0000] {logging_mixin.py:190} INFO - [2026-06-29T22:35:01.784+0000] {dag.py:3239} INFO - Sync 1 DAGs
[2026-06-29T22:35:01.832+0000] {logging_mixin.py:190} INFO - [2026-06-29T22:35:01.832+0000] {dag.py:4180} INFO - Setting next_dagrun for pipeline_beam_airflow to 2026-06-29 00:00:00+00:00, run_after=2026-06-30 00:00:00+00:00
[2026-06-29T22:35:01.868+0000] {processor.py:208} INFO - Processing /opt/airflow/dags/dag_orden_ventas_latam.py took 0.200 seconds
[2026-06-29T22:35:32.120+0000] {processor.py:186} INFO - Started process (PID=3558) to work on /opt/airflow/dags/dag_orden_ventas_latam.py
[2026-06-29T22:35:32.122+0000] {processor.py:914} INFO - Processing file /opt/airflow/dags/dag_orden_ventas_latam.py for tasks to queue
[2026-06-29T22:35:32.125+0000] {logging_mixin.py:190} INFO - [2026-06-29T22:35:32.125+0000] {dagbag.py:588} INFO - Filling up the DagBag from /opt/airflow/dags/dag_orden_ventas_latam.py
[2026-06-29T22:35:32.162+0000] {processor.py:925} INFO - DAG(s) 'pipeline_beam_airflow' retrieved from /opt/airflow/dags/dag_orden_ventas_latam.py
[2026-06-29T22:35:32.191+0000] {logging_mixin.py:190} INFO - [2026-06-29T22:35:32.190+0000] {dag.py:3239} INFO - Sync 1 DAGs
[2026-06-29T22:35:32.217+0000] {logging_mixin.py:190} INFO - [2026-06-29T22:35:32.217+0000] {dag.py:4180} INFO - Setting next_dagrun for pipeline_beam_airflow to 2026-06-29 00:00:00+00:00, run_after=2026-06-30 00:00:00+00:00
[2026-06-29T22:35:32.241+0000] {processor.py:208} INFO - Processing /opt/airflow/dags/dag_orden_ventas_latam.py took 0.131 seconds
[2026-06-29T22:36:02.525+0000] {processor.py:186} INFO - Started process (PID=3622) to work on /opt/airflow/dags/dag_orden_ventas_latam.py
[2026-06-29T22:36:02.527+0000] {processor.py:914} INFO - Processing file /opt/airflow/dags/dag_orden_ventas_latam.py for tasks to queue
[2026-06-29T22:36:02.531+0000] {logging_mixin.py:190} INFO - [2026-06-29T22:36:02.531+0000] {dagbag.py:588} INFO - Filling up the DagBag from /opt/airflow/dags/dag_orden_ventas_latam.py
[2026-06-29T22:36:02.568+0000] {processor.py:925} INFO - DAG(s) 'pipeline_beam_airflow' retrieved from /opt/airflow/dags/dag_orden_ventas_latam.py
[2026-06-29T22:36:02.591+0000] {logging_mixin.py:190} INFO - [2026-06-29T22:36:02.591+0000] {dag.py:3239} INFO - Sync 1 DAGs
[2026-06-29T22:36:02.616+0000] {logging_mixin.py:190} INFO - [2026-06-29T22:36:02.616+0000] {dag.py:4180} INFO - Setting next_dagrun for pipeline_beam_airflow to 2026-06-29 00:00:00+00:00, run_after=2026-06-30 00:00:00+00:00
[2026-06-29T22:36:02.641+0000] {processor.py:208} INFO - Processing /opt/airflow/dags/dag_orden_ventas_latam.py took 0.126 seconds
[2026-06-29T22:36:33.163+0000] {processor.py:186} INFO - Started process (PID=3686) to work on /opt/airflow/dags/dag_orden_ventas_latam.py
[2026-06-29T22:36:33.165+0000] {processor.py:914} INFO - Processing file /opt/airflow/dags/dag_orden_ventas_latam.py for tasks to queue
[2026-06-29T22:36:33.170+0000] {logging_mixin.py:190} INFO - [2026-06-29T22:36:33.169+0000] {dagbag.py:588} INFO - Filling up the DagBag from /opt/airflow/dags/dag_orden_ventas_latam.py
[2026-06-29T22:36:33.205+0000] {processor.py:925} INFO - DAG(s) 'pipeline_beam_airflow' retrieved from /opt/airflow/dags/dag_orden_ventas_latam.py
[2026-06-29T22:36:33.234+0000] {logging_mixin.py:190} INFO - [2026-06-29T22:36:33.233+0000] {dag.py:3239} INFO - Sync 1 DAGs
[2026-06-29T22:36:33.263+0000] {logging_mixin.py:190} INFO - [2026-06-29T22:36:33.262+0000] {dag.py:4180} INFO - Setting next_dagrun for pipeline_beam_airflow to 2026-06-29 00:00:00+00:00, run_after=2026-06-30 00:00:00+00:00
[2026-06-29T22:36:33.308+0000] {processor.py:208} INFO - Processing /opt/airflow/dags/dag_orden_ventas_latam.py took 0.155 seconds
[2026-06-29T22:37:03.622+0000] {processor.py:186} INFO - Started process (PID=3750) to work on /opt/airflow/dags/dag_orden_ventas_latam.py
[2026-06-29T22:37:03.623+0000] {processor.py:914} INFO - Processing file /opt/airflow/dags/dag_orden_ventas_latam.py for tasks to queue
[2026-06-29T22:37:03.628+0000] {logging_mixin.py:190} INFO - [2026-06-29T22:37:03.627+0000] {dagbag.py:588} INFO - Filling up the DagBag from /opt/airflow/dags/dag_orden_ventas_latam.py
[2026-06-29T22:37:03.668+0000] {processor.py:925} INFO - DAG(s) 'pipeline_beam_airflow' retrieved from /opt/airflow/dags/dag_orden_ventas_latam.py
[2026-06-29T22:37:03.692+0000] {logging_mixin.py:190} INFO - [2026-06-29T22:37:03.691+0000] {dag.py:3239} INFO - Sync 1 DAGs
[2026-06-29T22:37:03.718+0000] {logging_mixin.py:190} INFO - [2026-06-29T22:37:03.718+0000] {dag.py:4180} INFO - Setting next_dagrun for pipeline_beam_airflow to 2026-06-29 00:00:00+00:00, run_after=2026-06-30 00:00:00+00:00
[2026-06-29T22:37:03.741+0000] {processor.py:208} INFO - Processing /opt/airflow/dags/dag_orden_ventas_latam.py took 0.129 seconds
[2026-06-29T22:37:34.713+0000] {processor.py:186} INFO - Started process (PID=3814) to work on /opt/airflow/dags/dag_orden_ventas_latam.py
[2026-06-29T22:37:34.716+0000] {processor.py:914} INFO - Processing file /opt/airflow/dags/dag_orden_ventas_latam.py for tasks to queue
[2026-06-29T22:37:34.721+0000] {logging_mixin.py:190} INFO - [2026-06-29T22:37:34.720+0000] {dagbag.py:588} INFO - Filling up the DagBag from /opt/airflow/dags/dag_orden_ventas_latam.py
[2026-06-29T22:37:34.779+0000] {processor.py:925} INFO - DAG(s) 'pipeline_beam_airflow' retrieved from /opt/airflow/dags/dag_orden_ventas_latam.py
[2026-06-29T22:37:34.805+0000] {logging_mixin.py:190} INFO - [2026-06-29T22:37:34.804+0000] {dag.py:3239} INFO - Sync 1 DAGs
[2026-06-29T22:37:34.834+0000] {logging_mixin.py:190} INFO - [2026-06-29T22:37:34.834+0000] {dag.py:4180} INFO - Setting next_dagrun for pipeline_beam_airflow to 2026-06-29 00:00:00+00:00, run_after=2026-06-30 00:00:00+00:00
[2026-06-29T22:37:34.860+0000] {processor.py:208} INFO - Processing /opt/airflow/dags/dag_orden_ventas_latam.py took 0.179 seconds
[2026-06-29T22:38:05.600+0000] {processor.py:186} INFO - Started process (PID=3878) to work on /opt/airflow/dags/dag_orden_ventas_latam.py
[2026-06-29T22:38:05.602+0000] {processor.py:914} INFO - Processing file /opt/airflow/dags/dag_orden_ventas_latam.py for tasks to queue
[2026-06-29T22:38:05.607+0000] {logging_mixin.py:190} INFO - [2026-06-29T22:38:05.606+0000] {dagbag.py:588} INFO - Filling up the DagBag from /opt/airflow/dags/dag_orden_ventas_latam.py
[2026-06-29T22:38:05.652+0000] {processor.py:925} INFO - DAG(s) 'pipeline_beam_airflow' retrieved from /opt/airflow/dags/dag_orden_ventas_latam.py
[2026-06-29T22:38:05.675+0000] {logging_mixin.py:190} INFO - [2026-06-29T22:38:05.674+0000] {dag.py:3239} INFO - Sync 1 DAGs
[2026-06-29T22:38:05.875+0000] {logging_mixin.py:190} INFO - [2026-06-29T22:38:05.874+0000] {dag.py:4180} INFO - Setting next_dagrun for pipeline_beam_airflow to 2026-06-29 00:00:00+00:00, run_after=2026-06-30 00:00:00+00:00
[2026-06-29T22:38:05.898+0000] {processor.py:208} INFO - Processing /opt/airflow/dags/dag_orden_ventas_latam.py took 0.311 seconds
[2026-06-29T22:38:36.155+0000] {processor.py:186} INFO - Started process (PID=3943) to work on /opt/airflow/dags/dag_orden_ventas_latam.py
[2026-06-29T22:38:36.157+0000] {processor.py:914} INFO - Processing file /opt/airflow/dags/dag_orden_ventas_latam.py for tasks to queue
[2026-06-29T22:38:36.163+0000] {logging_mixin.py:190} INFO - [2026-06-29T22:38:36.162+0000] {dagbag.py:588} INFO - Filling up the DagBag from /opt/airflow/dags/dag_orden_ventas_latam.py
[2026-06-29T22:38:36.223+0000] {processor.py:925} INFO - DAG(s) 'pipeline_beam_airflow' retrieved from /opt/airflow/dags/dag_orden_ventas_latam.py
[2026-06-29T22:38:36.277+0000] {logging_mixin.py:190} INFO - [2026-06-29T22:38:36.277+0000] {dag.py:3239} INFO - Sync 1 DAGs
[2026-06-29T22:38:36.335+0000] {logging_mixin.py:190} INFO - [2026-06-29T22:38:36.335+0000] {dag.py:4180} INFO - Setting next_dagrun for pipeline_beam_airflow to 2026-06-29 00:00:00+00:00, run_after=2026-06-30 00:00:00+00:00
[2026-06-29T22:38:36.625+0000] {processor.py:208} INFO - Processing /opt/airflow/dags/dag_orden_ventas_latam.py took 0.492 seconds
[2026-06-29T22:39:07.572+0000] {processor.py:186} INFO - Started process (PID=4008) to work on /opt/airflow/dags/dag_orden_ventas_latam.py
[2026-06-29T22:39:07.573+0000] {processor.py:914} INFO - Processing file /opt/airflow/dags/dag_orden_ventas_latam.py for tasks to queue
[2026-06-29T22:39:07.577+0000] {logging_mixin.py:190} INFO - [2026-06-29T22:39:07.576+0000] {dagbag.py:588} INFO - Filling up the DagBag from /opt/airflow/dags/dag_orden_ventas_latam.py
[2026-06-29T22:39:07.619+0000] {processor.py:925} INFO - DAG(s) 'pipeline_beam_airflow' retrieved from /opt/airflow/dags/dag_orden_ventas_latam.py
[2026-06-29T22:39:07.643+0000] {logging_mixin.py:190} INFO - [2026-06-29T22:39:07.643+0000] {dag.py:3239} INFO - Sync 1 DAGs
[2026-06-29T22:39:07.669+0000] {logging_mixin.py:190} INFO - [2026-06-29T22:39:07.668+0000] {dag.py:4180} INFO - Setting next_dagrun for pipeline_beam_airflow to 2026-06-29 00:00:00+00:00, run_after=2026-06-30 00:00:00+00:00
[2026-06-29T22:39:07.693+0000] {processor.py:208} INFO - Processing /opt/airflow/dags/dag_orden_ventas_latam.py took 0.130 seconds
[2026-06-29T22:39:37.945+0000] {processor.py:186} INFO - Started process (PID=4072) to work on /opt/airflow/dags/dag_orden_ventas_latam.py
[2026-06-29T22:39:37.948+0000] {processor.py:914} INFO - Processing file /opt/airflow/dags/dag_orden_ventas_latam.py for tasks to queue
[2026-06-29T22:39:37.954+0000] {logging_mixin.py:190} INFO - [2026-06-29T22:39:37.953+0000] {dagbag.py:588} INFO - Filling up the DagBag from /opt/airflow/dags/dag_orden_ventas_latam.py
[2026-06-29T22:39:38.013+0000] {processor.py:925} INFO - DAG(s) 'pipeline_beam_airflow' retrieved from /opt/airflow/dags/dag_orden_ventas_latam.py
[2026-06-29T22:39:38.039+0000] {logging_mixin.py:190} INFO - [2026-06-29T22:39:38.039+0000] {dag.py:3239} INFO - Sync 1 DAGs
[2026-06-29T22:39:38.066+0000] {logging_mixin.py:190} INFO - [2026-06-29T22:39:38.066+0000] {dag.py:4180} INFO - Setting next_dagrun for pipeline_beam_airflow to 2026-06-29 00:00:00+00:00, run_after=2026-06-30 00:00:00+00:00
[2026-06-29T22:39:38.095+0000] {processor.py:208} INFO - Processing /opt/airflow/dags/dag_orden_ventas_latam.py took 0.169 seconds
[2026-06-29T22:41:19.108+0000] {processor.py:186} INFO - Started process (PID=81) to work on /opt/airflow/dags/dag_orden_ventas_latam.py
[2026-06-29T22:41:19.115+0000] {processor.py:914} INFO - Processing file /opt/airflow/dags/dag_orden_ventas_latam.py for tasks to queue
[2026-06-29T22:41:19.131+0000] {logging_mixin.py:190} INFO - [2026-06-29T22:41:19.130+0000] {dagbag.py:588} INFO - Filling up the DagBag from /opt/airflow/dags/dag_orden_ventas_latam.py
[2026-06-29T22:41:19.246+0000] {processor.py:925} INFO - DAG(s) 'pipeline_beam_airflow' retrieved from /opt/airflow/dags/dag_orden_ventas_latam.py
[2026-06-29T22:41:19.395+0000] {logging_mixin.py:190} INFO - [2026-06-29T22:41:19.393+0000] {dag.py:3239} INFO - Sync 1 DAGs
[2026-06-29T22:41:19.495+0000] {logging_mixin.py:190} INFO - [2026-06-29T22:41:19.495+0000] {dag.py:4180} INFO - Setting next_dagrun for pipeline_beam_airflow to 2026-06-29 00:00:00+00:00, run_after=2026-06-30 00:00:00+00:00
[2026-06-29T22:41:19.663+0000] {processor.py:208} INFO - Processing /opt/airflow/dags/dag_orden_ventas_latam.py took 0.583 seconds
[2026-06-29T22:41:50.323+0000] {processor.py:186} INFO - Started process (PID=145) to work on /opt/airflow/dags/dag_orden_ventas_latam.py
[2026-06-29T22:41:50.337+0000] {processor.py:914} INFO - Processing file /opt/airflow/dags/dag_orden_ventas_latam.py for tasks to queue
[2026-06-29T22:41:50.351+0000] {logging_mixin.py:190} INFO - [2026-06-29T22:41:50.349+0000] {dagbag.py:588} INFO - Filling up the DagBag from /opt/airflow/dags/dag_orden_ventas_latam.py
[2026-06-29T22:41:50.843+0000] {processor.py:925} INFO - DAG(s) 'pipeline_beam_airflow' retrieved from /opt/airflow/dags/dag_orden_ventas_latam.py
[2026-06-29T22:41:50.916+0000] {logging_mixin.py:190} INFO - [2026-06-29T22:41:50.915+0000] {dag.py:3239} INFO - Sync 1 DAGs
[2026-06-29T22:41:50.979+0000] {logging_mixin.py:190} INFO - [2026-06-29T22:41:50.979+0000] {dag.py:4180} INFO - Setting next_dagrun for pipeline_beam_airflow to 2026-06-29 00:00:00+00:00, run_after=2026-06-30 00:00:00+00:00
[2026-06-29T22:41:51.111+0000] {processor.py:208} INFO - Processing /opt/airflow/dags/dag_orden_ventas_latam.py took 0.806 seconds
[2026-06-29T22:42:21.492+0000] {processor.py:186} INFO - Started process (PID=209) to work on /opt/airflow/dags/dag_orden_ventas_latam.py
[2026-06-29T22:42:21.494+0000] {processor.py:914} INFO - Processing file /opt/airflow/dags/dag_orden_ventas_latam.py for tasks to queue
[2026-06-29T22:42:21.498+0000] {logging_mixin.py:190} INFO - [2026-06-29T22:42:21.497+0000] {dagbag.py:588} INFO - Filling up the DagBag from /opt/airflow/dags/dag_orden_ventas_latam.py
[2026-06-29T22:42:21.535+0000] {processor.py:925} INFO - DAG(s) 'pipeline_beam_airflow' retrieved from /opt/airflow/dags/dag_orden_ventas_latam.py
[2026-06-29T22:42:21.559+0000] {logging_mixin.py:190} INFO - [2026-06-29T22:42:21.559+0000] {dag.py:3239} INFO - Sync 1 DAGs
[2026-06-29T22:42:21.586+0000] {logging_mixin.py:190} INFO - [2026-06-29T22:42:21.585+0000] {dag.py:4180} INFO - Setting next_dagrun for pipeline_beam_airflow to 2026-06-29 00:00:00+00:00, run_after=2026-06-30 00:00:00+00:00
[2026-06-29T22:42:21.609+0000] {processor.py:208} INFO - Processing /opt/airflow/dags/dag_orden_ventas_latam.py took 0.123 seconds
[2026-06-29T22:42:52.170+0000] {processor.py:186} INFO - Started process (PID=273) to work on /opt/airflow/dags/dag_orden_ventas_latam.py
[2026-06-29T22:42:52.172+0000] {processor.py:914} INFO - Processing file /opt/airflow/dags/dag_orden_ventas_latam.py for tasks to queue
[2026-06-29T22:42:52.175+0000] {logging_mixin.py:190} INFO - [2026-06-29T22:42:52.175+0000] {dagbag.py:588} INFO - Filling up the DagBag from /opt/airflow/dags/dag_orden_ventas_latam.py
[2026-06-29T22:42:52.211+0000] {processor.py:925} INFO - DAG(s) 'pipeline_beam_airflow' retrieved from /opt/airflow/dags/dag_orden_ventas_latam.py
[2026-06-29T22:42:52.243+0000] {logging_mixin.py:190} INFO - [2026-06-29T22:42:52.242+0000] {dag.py:3239} INFO - Sync 1 DAGs
[2026-06-29T22:42:52.276+0000] {logging_mixin.py:190} INFO - [2026-06-29T22:42:52.275+0000] {dag.py:4180} INFO - Setting next_dagrun for pipeline_beam_airflow to 2026-06-29 00:00:00+00:00, run_after=2026-06-30 00:00:00+00:00
[2026-06-29T22:42:52.311+0000] {processor.py:208} INFO - Processing /opt/airflow/dags/dag_orden_ventas_latam.py took 0.149 seconds
[2026-06-29T22:43:22.522+0000] {processor.py:186} INFO - Started process (PID=337) to work on /opt/airflow/dags/dag_orden_ventas_latam.py
[2026-06-29T22:43:22.524+0000] {processor.py:914} INFO - Processing file /opt/airflow/dags/dag_orden_ventas_latam.py for tasks to queue
[2026-06-29T22:43:22.531+0000] {logging_mixin.py:190} INFO - [2026-06-29T22:43:22.529+0000] {dagbag.py:588} INFO - Filling up the DagBag from /opt/airflow/dags/dag_orden_ventas_latam.py
[2026-06-29T22:43:22.570+0000] {processor.py:925} INFO - DAG(s) 'pipeline_beam_airflow' retrieved from /opt/airflow/dags/dag_orden_ventas_latam.py
[2026-06-29T22:43:22.595+0000] {logging_mixin.py:190} INFO - [2026-06-29T22:43:22.595+0000] {dag.py:3239} INFO - Sync 1 DAGs
[2026-06-29T22:43:22.622+0000] {logging_mixin.py:190} INFO - [2026-06-29T22:43:22.622+0000] {dag.py:4180} INFO - Setting next_dagrun for pipeline_beam_airflow to 2026-06-29 00:00:00+00:00, run_after=2026-06-30 00:00:00+00:00
[2026-06-29T22:43:22.645+0000] {processor.py:208} INFO - Processing /opt/airflow/dags/dag_orden_ventas_latam.py took 0.130 seconds
[2026-06-29T22:43:52.730+0000] {processor.py:186} INFO - Started process (PID=402) to work on /opt/airflow/dags/dag_orden_ventas_latam.py
[2026-06-29T22:43:52.731+0000] {processor.py:914} INFO - Processing file /opt/airflow/dags/dag_orden_ventas_latam.py for tasks to queue
[2026-06-29T22:43:52.736+0000] {logging_mixin.py:190} INFO - [2026-06-29T22:43:52.735+0000] {dagbag.py:588} INFO - Filling up the DagBag from /opt/airflow/dags/dag_orden_ventas_latam.py
[2026-06-29T22:43:52.784+0000] {processor.py:925} INFO - DAG(s) 'pipeline_beam_airflow' retrieved from /opt/airflow/dags/dag_orden_ventas_latam.py
[2026-06-29T22:43:52.825+0000] {logging_mixin.py:190} INFO - [2026-06-29T22:43:52.824+0000] {dag.py:3239} INFO - Sync 1 DAGs
[2026-06-29T22:43:52.867+0000] {logging_mixin.py:190} INFO - [2026-06-29T22:43:52.866+0000] {dag.py:4180} INFO - Setting next_dagrun for pipeline_beam_airflow to 2026-06-29 00:00:00+00:00, run_after=2026-06-30 00:00:00+00:00
[2026-06-29T22:43:52.911+0000] {processor.py:208} INFO - Processing /opt/airflow/dags/dag_orden_ventas_latam.py took 0.191 seconds
[2026-06-29T22:44:23.133+0000] {processor.py:186} INFO - Started process (PID=466) to work on /opt/airflow/dags/dag_orden_ventas_latam.py
[2026-06-29T22:44:23.134+0000] {processor.py:914} INFO - Processing file /opt/airflow/dags/dag_orden_ventas_latam.py for tasks to queue
[2026-06-29T22:44:23.138+0000] {logging_mixin.py:190} INFO - [2026-06-29T22:44:23.137+0000] {dagbag.py:588} INFO - Filling up the DagBag from /opt/airflow/dags/dag_orden_ventas_latam.py
[2026-06-29T22:44:23.166+0000] {processor.py:925} INFO - DAG(s) 'pipeline_beam_airflow' retrieved from /opt/airflow/dags/dag_orden_ventas_latam.py
[2026-06-29T22:44:23.191+0000] {logging_mixin.py:190} INFO - [2026-06-29T22:44:23.191+0000] {dag.py:3239} INFO - Sync 1 DAGs
[2026-06-29T22:44:23.226+0000] {logging_mixin.py:190} INFO - [2026-06-29T22:44:23.225+0000] {dag.py:4180} INFO - Setting next_dagrun for pipeline_beam_airflow to 2026-06-29 00:00:00+00:00, run_after=2026-06-30 00:00:00+00:00
[2026-06-29T22:44:23.258+0000] {processor.py:208} INFO - Processing /opt/airflow/dags/dag_orden_ventas_latam.py took 0.132 seconds
[2026-06-29T22:44:53.633+0000] {processor.py:186} INFO - Started process (PID=531) to work on /opt/airflow/dags/dag_orden_ventas_latam.py
[2026-06-29T22:44:53.637+0000] {processor.py:914} INFO - Processing file /opt/airflow/dags/dag_orden_ventas_latam.py for tasks to queue
[2026-06-29T22:44:53.645+0000] {logging_mixin.py:190} INFO - [2026-06-29T22:44:53.644+0000] {dagbag.py:588} INFO - Filling up the DagBag from /opt/airflow/dags/dag_orden_ventas_latam.py
[2026-06-29T22:44:53.705+0000] {processor.py:925} INFO - DAG(s) 'pipeline_beam_airflow' retrieved from /opt/airflow/dags/dag_orden_ventas_latam.py
[2026-06-29T22:44:53.756+0000] {logging_mixin.py:190} INFO - [2026-06-29T22:44:53.755+0000] {dag.py:3239} INFO - Sync 1 DAGs
[2026-06-29T22:44:53.812+0000] {logging_mixin.py:190} INFO - [2026-06-29T22:44:53.811+0000] {dag.py:4180} INFO - Setting next_dagrun for pipeline_beam_airflow to 2026-06-29 00:00:00+00:00, run_after=2026-06-30 00:00:00+00:00
[2026-06-29T22:44:53.874+0000] {processor.py:208} INFO - Processing /opt/airflow/dags/dag_orden_ventas_latam.py took 0.258 seconds
[2026-06-29T22:45:24.205+0000] {processor.py:186} INFO - Started process (PID=594) to work on /opt/airflow/dags/dag_orden_ventas_latam.py
[2026-06-29T22:45:24.207+0000] {processor.py:914} INFO - Processing file /opt/airflow/dags/dag_orden_ventas_latam.py for tasks to queue
[2026-06-29T22:45:24.211+0000] {logging_mixin.py:190} INFO - [2026-06-29T22:45:24.211+0000] {dagbag.py:588} INFO - Filling up the DagBag from /opt/airflow/dags/dag_orden_ventas_latam.py
[2026-06-29T22:45:24.251+0000] {processor.py:925} INFO - DAG(s) 'pipeline_beam_airflow' retrieved from /opt/airflow/dags/dag_orden_ventas_latam.py
[2026-06-29T22:45:24.292+0000] {logging_mixin.py:190} INFO - [2026-06-29T22:45:24.291+0000] {dag.py:3239} INFO - Sync 1 DAGs
[2026-06-29T22:45:24.330+0000] {logging_mixin.py:190} INFO - [2026-06-29T22:45:24.330+0000] {dag.py:4180} INFO - Setting next_dagrun for pipeline_beam_airflow to 2026-06-29 00:00:00+00:00, run_after=2026-06-30 00:00:00+00:00
[2026-06-29T22:45:24.368+0000] {processor.py:208} INFO - Processing /opt/airflow/dags/dag_orden_ventas_latam.py took 0.169 seconds
[2026-06-29T22:45:54.731+0000] {processor.py:186} INFO - Started process (PID=658) to work on /opt/airflow/dags/dag_orden_ventas_latam.py
[2026-06-29T22:45:54.732+0000] {processor.py:914} INFO - Processing file /opt/airflow/dags/dag_orden_ventas_latam.py for tasks to queue
[2026-06-29T22:45:54.735+0000] {logging_mixin.py:190} INFO - [2026-06-29T22:45:54.735+0000] {dagbag.py:588} INFO - Filling up the DagBag from /opt/airflow/dags/dag_orden_ventas_latam.py
[2026-06-29T22:45:54.767+0000] {processor.py:925} INFO - DAG(s) 'pipeline_beam_airflow' retrieved from /opt/airflow/dags/dag_orden_ventas_latam.py
[2026-06-29T22:45:54.787+0000] {logging_mixin.py:190} INFO - [2026-06-29T22:45:54.787+0000] {dag.py:3239} INFO - Sync 1 DAGs
[2026-06-29T22:45:54.810+0000] {logging_mixin.py:190} INFO - [2026-06-29T22:45:54.810+0000] {dag.py:4180} INFO - Setting next_dagrun for pipeline_beam_airflow to 2026-06-29 00:00:00+00:00, run_after=2026-06-30 00:00:00+00:00
[2026-06-29T22:45:54.833+0000] {processor.py:208} INFO - Processing /opt/airflow/dags/dag_orden_ventas_latam.py took 0.109 seconds
[2026-06-29T22:46:25.049+0000] {processor.py:186} INFO - Started process (PID=722) to work on /opt/airflow/dags/dag_orden_ventas_latam.py
[2026-06-29T22:46:25.051+0000] {processor.py:914} INFO - Processing file /opt/airflow/dags/dag_orden_ventas_latam.py for tasks to queue
[2026-06-29T22:46:25.055+0000] {logging_mixin.py:190} INFO - [2026-06-29T22:46:25.055+0000] {dagbag.py:588} INFO - Filling up the DagBag from /opt/airflow/dags/dag_orden_ventas_latam.py
[2026-06-29T22:46:25.085+0000] {processor.py:925} INFO - DAG(s) 'pipeline_beam_airflow' retrieved from /opt/airflow/dags/dag_orden_ventas_latam.py
[2026-06-29T22:46:25.112+0000] {logging_mixin.py:190} INFO - [2026-06-29T22:46:25.112+0000] {dag.py:3239} INFO - Sync 1 DAGs
[2026-06-29T22:46:25.139+0000] {logging_mixin.py:190} INFO - [2026-06-29T22:46:25.139+0000] {dag.py:4180} INFO - Setting next_dagrun for pipeline_beam_airflow to 2026-06-29 00:00:00+00:00, run_after=2026-06-30 00:00:00+00:00
[2026-06-29T22:46:25.168+0000] {processor.py:208} INFO - Processing /opt/airflow/dags/dag_orden_ventas_latam.py took 0.124 seconds
[2026-06-29T22:46:55.559+0000] {processor.py:186} INFO - Started process (PID=785) to work on /opt/airflow/dags/dag_orden_ventas_latam.py
[2026-06-29T22:46:55.561+0000] {processor.py:914} INFO - Processing file /opt/airflow/dags/dag_orden_ventas_latam.py for tasks to queue
[2026-06-29T22:46:55.567+0000] {logging_mixin.py:190} INFO - [2026-06-29T22:46:55.566+0000] {dagbag.py:588} INFO - Filling up the DagBag from /opt/airflow/dags/dag_orden_ventas_latam.py
[2026-06-29T22:46:55.644+0000] {processor.py:925} INFO - DAG(s) 'pipeline_beam_airflow' retrieved from /opt/airflow/dags/dag_orden_ventas_latam.py
[2026-06-29T22:46:55.713+0000] {logging_mixin.py:190} INFO - [2026-06-29T22:46:55.712+0000] {dag.py:3239} INFO - Sync 1 DAGs
[2026-06-29T22:46:55.771+0000] {logging_mixin.py:190} INFO - [2026-06-29T22:46:55.770+0000] {dag.py:4180} INFO - Setting next_dagrun for pipeline_beam_airflow to 2026-06-29 00:00:00+00:00, run_after=2026-06-30 00:00:00+00:00
[2026-06-29T22:46:55.843+0000] {processor.py:208} INFO - Processing /opt/airflow/dags/dag_orden_ventas_latam.py took 0.305 seconds
